C:\Users\User\source\repos\inTheFox\PrintMate.Terminal\PrintMate.Terminal\PrintMate.Terminal.csproj : warning NU1701: Пакет "AForge 2.2.5" был восстановлен с помощью ".NETFramework,Version=v4.6.1, .NETFramework,Version=v4.6.2, .NETFramework,Version=v4.7, .NETFramework,Version=v4.7.1, .NETFramework,Version=v4.7.2, .NETFramework,Version=v4.8, .NETFramework,Version=v4.8.1", а не целевой платформы проекта "net9.0-windows7.0". Этот пакет может быть не полностью совместим с вашим проектом.
C:\Users\User\source\repos\inTheFox\PrintMate.Terminal\PrintMate.Terminal\PrintMate.Terminal.csproj : warning NU1701: Пакет "AForge.Video 2.2.5" был восстановлен с помощью ".NETFramework,Version=v4.6.1, .NETFramework,Version=v4.6.2, .NETFramework,Version=v4.7, .NETFramework,Version=v4.7.1, .NETFramework,Version=v4.7.2, .NETFramework,Version=v4.8, .NETFramework,Version=v4.8.1", а не целевой платформы проекта "net9.0-windows7.0". Этот пакет может быть не полностью совместим с вашим проектом.
C:\Users\User\source\repos\inTheFox\PrintMate.Terminal\PrintMate.Terminal\PrintMate.Terminal.csproj : warning NU1701: Пакет "AForge.Video.DirectShow 2.2.5" был восстановлен с помощью ".NETFramework,Version=v4.6.1, .NETFramework,Version=v4.6.2, .NETFramework,Version=v4.7, .NETFramework,Version=v4.7.1, .NETFramework,Version=v4.7.2, .NETFramework,Version=v4.8, .NETFramework,Version=v4.8.1", а не целевой платформы проекта "net9.0-windows7.0". Этот пакет может быть не полностью совместим с вашим проектом.
C:\Users\User\source\repos\inTheFox\PrintMate.Terminal\PrintMate.Terminal\PrintMate.Terminal.csproj : warning NU1701: Пакет "OpenTK 3.3.1" был восстановлен с помощью ".NETFramework,Version=v4.6.1, .NETFramework,Version=v4.6.2, .NETFramework,Version=v4.7, .NETFramework,Version=v4.7.1, .NETFramework,Version=v4.7.2, .NETFramework,Version=v4.8, .NETFramework,Version=v4.8.1", а не целевой платформы проекта "net9.0-windows7.0". Этот пакет может быть не полностью совместим с вашим проектом.
C:\Users\User\source\repos\inTheFox\PrintMate.Terminal\PrintMate.Terminal\PrintMate.Terminal.csproj : warning NU1701: Пакет "OpenTK.GLWpfControl 3.3.0" был восстановлен с помощью ".NETFramework,Version=v4.6.1, .NETFramework,Version=v4.6.2, .NETFramework,Version=v4.7, .NETFramework,Version=v4.7.1, .NETFramework,Version=v4.7.2, .NETFramework,Version=v4.8, .NETFramework,Version=v4.8.1", а не целевой платформы проекта "net9.0-windows7.0". Этот пакет может быть не полностью совместим с вашим проектом.
C:\Users\User\source\repos\inTheFox\PrintMate.Terminal\PrintMate.Terminal\PrintMate.Terminal.csproj : warning NU1701: Пакет "SkiaSharp.Views.WPF 3.116.1" был восстановлен с помощью ".NETFramework,Version=v4.6.1, .NETFramework,Version=v4.6.2, .NETFramework,Version=v4.7, .NETFramework,Version=v4.7.1, .NETFramework,Version=v4.7.2, .NETFramework,Version=v4.8, .NETFramework,Version=v4.8.1", а не целевой платформы проекта "net9.0-windows7.0". Этот пакет может быть не полностью совместим с вашим проектом.
  HansHostProvider.Shared -> C:\Users\User\source\repos\inTheFox\PrintMate.Terminal\HansHostProvider.Shared\bin\Debug\net9.0\HansHostProvider.Shared.dll
  LaserLib -> C:\Users\User\source\repos\inTheFox\PrintMate.Terminal\LaserLib\bin\Debug\net9.0\LaserLib.dll
C:\Users\User\source\repos\inTheFox\PrintMate.Terminal\PrintSpectator.Shared\Models\LayerState.cs(24,37): warning CS8618: свойство "Session", не допускающий значения NULL, должен содержать значение, отличное от NULL, при выходе из конструктора. Рассмотрите возможность добавления модификатора "required" или объявления значения свойство, допускающего значение NULL. [C:\Users\User\source\repos\inTheFox\PrintMate.Terminal\PrintSpectator.Shared\PrintSpectator.Shared.csproj]
C:\Users\User\source\repos\inTheFox\PrintMate.Terminal\PrintSpectator.Shared\Models\PrintSession.cs(22,23): warning CS8618: свойство "ProjectName", не допускающий значения NULL, должен содержать значение, отличное от NULL, при выходе из конструктора. Рассмотрите возможность добавления модификатора "required" или объявления значения свойство, допускающего значение NULL. [C:\Users\User\source\repos\inTheFox\PrintMate.Terminal\PrintSpectator.Shared\PrintSpectator.Shared.csproj]
C:\Users\User\source\repos\inTheFox\PrintMate.Terminal\PrintSpectator.Shared\Models\PrintSession.cs(57,23): warning CS8618: свойство "UserName", не допускающий значения NULL, должен содержать значение, отличное от NULL, при выходе из конструктора. Рассмотрите возможность добавления модификатора "required" или объявления значения свойство, допускающего значение NULL. [C:\Users\User\source\repos\inTheFox\PrintMate.Terminal\PrintSpectator.Shared\PrintSpectator.Shared.csproj]
  Opc2Lib -> C:\Users\User\source\repos\inTheFox\PrintMate.Terminal\Opc2Lib\bin\Debug\net8.0\Opc2Lib.dll
  LoggingService.Shared -> c:\Users\User\source\repos\inTheFox\PrintMate.Terminal\LoggingService.Shared\bin\Debug\net9.0\LoggingService.Shared.dll
  PrintSpectator.Shared -> C:\Users\User\source\repos\inTheFox\PrintMate.Terminal\PrintSpectator.Shared\bin\Debug\net9.0\PrintSpectator.Shared.dll
  PipeLib -> C:\Users\User\source\repos\inTheFox\PrintMate.Terminal\PipeLib\bin\Debug\net9.0\PipeLib.dll
  Observer.Shared -> C:\Users\User\source\repos\inTheFox\PrintMate.Terminal\Observer.Shared\bin\Debug\net9.0\Observer.Shared.dll
  LoggingService.Client -> C:\Users\User\source\repos\inTheFox\PrintMate.Terminal\LoggingService.Client\bin\Debug\net9.0\LoggingService.Client.dll
  LoggingService -> C:\Users\User\source\repos\inTheFox\PrintMate.Terminal\LoggingService\bin\Debug\net9.0\LoggingService.dll
  Observer -> C:\Users\User\source\repos\inTheFox\PrintMate.Terminal\Observer\bin\Debug\net9.0-windows\Observer.dll
  Hans.NET -> C:\Users\User\source\repos\inTheFox\PrintMate.Terminal\Hans.NET\bin\Debug\net8.0\Hans.NET.dll
  HansScannerHost -> C:\Users\User\source\repos\inTheFox\PrintMate.Terminal\HansScannerHost\bin\x64\Debug\net9.0-windows\HansScannerHost.dll
  LaserCalibrator -> C:\Users\User\source\repos\inTheFox\PrintMate.Terminal\LaserCalibrator\bin\Debug\net9.0-windows\LaserCalibrator.dll
  HansDebuggerApp -> C:\Users\User\source\repos\inTheFox\PrintMate.Terminal\HansDebuggerApp\bin\Debug\net9.0-windows\HansDebuggerApp.dll
  HansHostProvider -> C:\Users\User\source\repos\inTheFox\PrintMate.Terminal\HansHostProvider\bin\Debug\net9.0-windows\HansHostProvider.dll
C:\Users\User\source\repos\inTheFox\PrintMate.Terminal\PrintMate.Terminal\PrintMate.Terminal_a2fnkli1_wpftmp.csproj : warning NU1701: Пакет "AForge 2.2.5" был восстановлен с помощью ".NETFramework,Version=v4.6.1, .NETFramework,Version=v4.6.2, .NETFramework,Version=v4.7, .NETFramework,Version=v4.7.1, .NETFramework,Version=v4.7.2, .NETFramework,Version=v4.8, .NETFramework,Version=v4.8.1", а не целевой платформы проекта "net9.0-windows7.0". Этот пакет может быть не полностью совместим с вашим проектом.
C:\Users\User\source\repos\inTheFox\PrintMate.Terminal\PrintMate.Terminal\PrintMate.Terminal_a2fnkli1_wpftmp.csproj : warning NU1701: Пакет "AForge.Video 2.2.5" был восстановлен с помощью ".NETFramework,Version=v4.6.1, .NETFramework,Version=v4.6.2, .NETFramework,Version=v4.7, .NETFramework,Version=v4.7.1, .NETFramework,Version=v4.7.2, .NETFramework,Version=v4.8, .NETFramework,Version=v4.8.1", а не целевой платформы проекта "net9.0-windows7.0". Этот пакет может быть не полностью совместим с вашим проектом.
C:\Users\User\source\repos\inTheFox\PrintMate.Terminal\PrintMate.Terminal\PrintMate.Terminal_a2fnkli1_wpftmp.csproj : warning NU1701: Пакет "AForge.Video.DirectShow 2.2.5" был восстановлен с помощью ".NETFramework,Version=v4.6.1, .NETFramework,Version=v4.6.2, .NETFramework,Version=v4.7, .NETFramework,Version=v4.7.1, .NETFramework,Version=v4.7.2, .NETFramework,Version=v4.8, .NETFramework,Version=v4.8.1", а не целевой платформы проекта "net9.0-windows7.0". Этот пакет может быть не полностью совместим с вашим проектом.
C:\Users\User\source\repos\inTheFox\PrintMate.Terminal\PrintMate.Terminal\PrintMate.Terminal_a2fnkli1_wpftmp.csproj : warning NU1701: Пакет "OpenTK 3.3.1" был восстановлен с помощью ".NETFramework,Version=v4.6.1, .NETFramework,Version=v4.6.2, .NETFramework,Version=v4.7, .NETFramework,Version=v4.7.1, .NETFramework,Version=v4.7.2, .NETFramework,Version=v4.8, .NETFramework,Version=v4.8.1", а не целевой платформы проекта "net9.0-windows7.0". Этот пакет может быть не полностью совместим с вашим проектом.
C:\Users\User\source\repos\inTheFox\PrintMate.Terminal\PrintMate.Terminal\PrintMate.Terminal_a2fnkli1_wpftmp.csproj : warning NU1701: Пакет "OpenTK.GLWpfControl 3.3.0" был восстановлен с помощью ".NETFramework,Version=v4.6.1, .NETFramework,Version=v4.6.2, .NETFramework,Version=v4.7, .NETFramework,Version=v4.7.1, .NETFramework,Version=v4.7.2, .NETFramework,Version=v4.8, .NETFramework,Version=v4.8.1", а не целевой платформы проекта "net9.0-windows7.0". Этот пакет может быть не полностью совместим с вашим проектом.
C:\Users\User\source\repos\inTheFox\PrintMate.Terminal\PrintMate.Terminal\PrintMate.Terminal_a2fnkli1_wpftmp.csproj : warning NU1701: Пакет "SkiaSharp.Views.WPF 3.116.1" был восстановлен с помощью ".NETFramework,Version=v4.6.1, .NETFramework,Version=v4.6.2, .NETFramework,Version=v4.7, .NETFramework,Version=v4.7.1, .NETFramework,Version=v4.7.2, .NETFramework,Version=v4.8, .NETFramework,Version=v4.8.1", а не целевой платформы проекта "net9.0-windows7.0". Этот пакет может быть не полностью совместим с вашим проектом.
C:\Users\User\source\repos\inTheFox\PrintMate.Terminal\PrintMate.Terminal\Services\PingService.cs(6,7): warning CS0105: Директива using для "System" ранее встречалась в этом пространстве имен [C:\Users\User\source\repos\inTheFox\PrintMate.Terminal\PrintMate.Terminal\PrintMate.Terminal_a2fnkli1_wpftmp.csproj]
C:\Users\User\source\repos\inTheFox\PrintMate.Terminal\PrintMate.Terminal\Services\PingService.cs(8,7): warning CS0105: Директива using для "System.Threading.Tasks" ранее встречалась в этом пространстве имен [C:\Users\User\source\repos\inTheFox\PrintMate.Terminal\PrintMate.Terminal\PrintMate.Terminal_a2fnkli1_wpftmp.csproj]
C:\Users\User\source\repos\inTheFox\PrintMate.Terminal\PrintMate.Terminal\Hans\ScanatorConfigurationLoader.cs(19,50): warning CS8632: Аннотацию для ссылочных типов, допускающих значения NULL, следует использовать в коде только в контексте аннотаций "#nullable". [C:\Users\User\source\repos\inTheFox\PrintMate.Terminal\PrintMate.Terminal\PrintMate.Terminal_a2fnkli1_wpftmp.csproj]
C:\Users\User\source\repos\inTheFox\PrintMate.Terminal\PrintMate.Terminal\Hans\MultiScanatorSystemProxy.cs(38,47): warning CS8632: Аннотацию для ссылочных типов, допускающих значения NULL, следует использовать в коде только в контексте аннотаций "#nullable". [C:\Users\User\source\repos\inTheFox\PrintMate.Terminal\PrintMate.Terminal\PrintMate.Terminal_a2fnkli1_wpftmp.csproj]
C:\Users\User\source\repos\inTheFox\PrintMate.Terminal\PrintMate.Terminal\AppConfiguration\ScannerSettings.cs(292,37): warning CS8632: Аннотацию для ссылочных типов, допускающих значения NULL, следует использовать в коде только в контексте аннотаций "#nullable". [C:\Users\User\source\repos\inTheFox\PrintMate.Terminal\PrintMate.Terminal\PrintMate.Terminal_a2fnkli1_wpftmp.csproj]
C:\Users\User\source\repos\inTheFox\PrintMate.Terminal\PrintMate.Terminal\AppConfiguration\ScannerSettings.cs(297,37): warning CS8632: Аннотацию для ссылочных типов, допускающих значения NULL, следует использовать в коде только в контексте аннотаций "#nullable". [C:\Users\User\source\repos\inTheFox\PrintMate.Terminal\PrintMate.Terminal\PrintMate.Terminal_a2fnkli1_wpftmp.csproj]
C:\Users\User\source\repos\inTheFox\PrintMate.Terminal\PrintMate.Terminal\ConfigurationSystem\Core\ConfigurationManager.cs(393,46): warning CS8632: Аннотацию для ссылочных типов, допускающих значения NULL, следует использовать в коде только в контексте аннотаций "#nullable". [C:\Users\User\source\repos\inTheFox\PrintMate.Terminal\PrintMate.Terminal\PrintMate.Terminal_a2fnkli1_wpftmp.csproj]
C:\Users\User\source\repos\inTheFox\PrintMate.Terminal\PrintMate.Terminal\Hans\ScanatorProxyClient.cs(595,65): warning CS8632: Аннотацию для ссылочных типов, допускающих значения NULL, следует использовать в коде только в контексте аннотаций "#nullable". [C:\Users\User\source\repos\inTheFox\PrintMate.Terminal\PrintMate.Terminal\PrintMate.Terminal_a2fnkli1_wpftmp.csproj]
C:\Users\User\source\repos\inTheFox\PrintMate.Terminal\PrintMate.Terminal\ConfigurationSystem\Core\ConfigurationManager.cs(409,21): warning CS8632: Аннотацию для ссылочных типов, допускающих значения NULL, следует использовать в коде только в контексте аннотаций "#nullable". [C:\Users\User\source\repos\inTheFox\PrintMate.Terminal\PrintMate.Terminal\PrintMate.Terminal_a2fnkli1_wpftmp.csproj]
C:\Users\User\source\repos\inTheFox\PrintMate.Terminal\PrintMate.Terminal\Hans\MultiScanatorSystemProxy.cs(171,70): warning CS8632: Аннотацию для ссылочных типов, допускающих значения NULL, следует использовать в коде только в контексте аннотаций "#nullable". [C:\Users\User\source\repos\inTheFox\PrintMate.Terminal\PrintMate.Terminal\PrintMate.Terminal_a2fnkli1_wpftmp.csproj]
C:\Users\User\source\repos\inTheFox\PrintMate.Terminal\PrintMate.Terminal\Hans\MultiScanatorSystemProxy.cs(221,35): warning CS8632: Аннотацию для ссылочных типов, допускающих значения NULL, следует использовать в коде только в контексте аннотаций "#nullable". [C:\Users\User\source\repos\inTheFox\PrintMate.Terminal\PrintMate.Terminal\PrintMate.Terminal_a2fnkli1_wpftmp.csproj]
C:\Users\User\source\repos\inTheFox\PrintMate.Terminal\PrintMate.Terminal\Parsers\CliParser\CliProvider.cs(562,26): warning CS8632: Аннотацию для ссылочных типов, допускающих значения NULL, следует использовать в коде только в контексте аннотаций "#nullable". [C:\Users\User\source\repos\inTheFox\PrintMate.Terminal\PrintMate.Terminal\PrintMate.Terminal_a2fnkli1_wpftmp.csproj]
C:\Users\User\source\repos\inTheFox\PrintMate.Terminal\PrintMate.Terminal\ConfigurationSystem\Core\ConfigurationManager.cs(46,66): warning CS8632: Аннотацию для ссылочных типов, допускающих значения NULL, следует использовать в коде только в контексте аннотаций "#nullable". [C:\Users\User\source\repos\inTheFox\PrintMate.Terminal\PrintMate.Terminal\PrintMate.Terminal_a2fnkli1_wpftmp.csproj]
C:\Users\User\source\repos\inTheFox\PrintMate.Terminal\PrintMate.Terminal\Migrations\20251109180048_first.cs(8,26): warning CS8981: Имя типа "first" содержит только строчные символы ASCII. Такие имена могут резервироваться для языка. [C:\Users\User\source\repos\inTheFox\PrintMate.Terminal\PrintMate.Terminal\PrintMate.Terminal_a2fnkli1_wpftmp.csproj]
C:\Users\User\source\repos\inTheFox\PrintMate.Terminal\PrintMate.Terminal\Migrations\20251109180048_first.Designer.cs(14,19): warning CS8981: Имя типа "first" содержит только строчные символы ASCII. Такие имена могут резервироваться для языка. [C:\Users\User\source\repos\inTheFox\PrintMate.Terminal\PrintMate.Terminal\PrintMate.Terminal_a2fnkli1_wpftmp.csproj]
C:\Users\User\source\repos\inTheFox\PrintMate.Terminal\PrintMate.Terminal\Parsers\Shared\Models\Data.cs(32,17): warning CS8632: Аннотацию для ссылочных типов, допускающих значения NULL, следует использовать в коде только в контексте аннотаций "#nullable". [C:\Users\User\source\repos\inTheFox\PrintMate.Terminal\PrintMate.Terminal\PrintMate.Terminal_a2fnkli1_wpftmp.csproj]
C:\Users\User\source\repos\inTheFox\PrintMate.Terminal\PrintMate.Terminal\Migrations\20251110063726_fbwkbfwbnfkjnewjkf.cs(8,26): warning CS8981: Имя типа "fbwkbfwbnfkjnewjkf" содержит только строчные символы ASCII. Такие имена могут резервироваться для языка. [C:\Users\User\source\repos\inTheFox\PrintMate.Terminal\PrintMate.Terminal\PrintMate.Terminal_a2fnkli1_wpftmp.csproj]
C:\Users\User\source\repos\inTheFox\PrintMate.Terminal\PrintMate.Terminal\Migrations\20251110063726_fbwkbfwbnfkjnewjkf.Designer.cs(14,19): warning CS8981: Имя типа "fbwkbfwbnfkjnewjkf" содержит только строчные символы ASCII. Такие имена могут резервироваться для языка. [C:\Users\User\source\repos\inTheFox\PrintMate.Terminal\PrintMate.Terminal\PrintMate.Terminal_a2fnkli1_wpftmp.csproj]
C:\Users\User\source\repos\inTheFox\PrintMate.Terminal\PrintMate.Terminal\Migrations\20251110104117_fnwnfjkwenfkjwenkj.cs(8,26): warning CS8981: Имя типа "fnwnfjkwenfkjwenkj" содержит только строчные символы ASCII. Такие имена могут резервироваться для языка. [C:\Users\User\source\repos\inTheFox\PrintMate.Terminal\PrintMate.Terminal\PrintMate.Terminal_a2fnkli1_wpftmp.csproj]
C:\Users\User\source\repos\inTheFox\PrintMate.Terminal\PrintMate.Terminal\Migrations\20251110104117_fnwnfjkwenfkjwenkj.Designer.cs(14,19): warning CS8981: Имя типа "fnwnfjkwenfkjwenkj" содержит только строчные символы ASCII. Такие имена могут резервироваться для языка. [C:\Users\User\source\repos\inTheFox\PrintMate.Terminal\PrintMate.Terminal\PrintMate.Terminal_a2fnkli1_wpftmp.csproj]
C:\Users\User\source\repos\inTheFox\PrintMate.Terminal\PrintMate.Terminal\Parsers\Shared\Models\Data.cs(52,25): warning CS8632: Аннотацию для ссылочных типов, допускающих значения NULL, следует использовать в коде только в контексте аннотаций "#nullable". [C:\Users\User\source\repos\inTheFox\PrintMate.Terminal\PrintMate.Terminal\PrintMate.Terminal_a2fnkli1_wpftmp.csproj]
C:\Users\User\source\repos\inTheFox\PrintMate.Terminal\PrintMate.Terminal\Parsers\CncParser\CncProvider.cs(448,26): warning CS8632: Аннотацию для ссылочных типов, допускающих значения NULL, следует использовать в коде только в контексте аннотаций "#nullable". [C:\Users\User\source\repos\inTheFox\PrintMate.Terminal\PrintMate.Terminal\PrintMate.Terminal_a2fnkli1_wpftmp.csproj]
C:\Users\User\source\repos\inTheFox\PrintMate.Terminal\PrintMate.Terminal\Migrations\20251128035256_fjenwfnekwjfew.cs(8,26): warning CS8981: Имя типа "fjenwfnekwjfew" содержит только строчные символы ASCII. Такие имена могут резервироваться для языка. [C:\Users\User\source\repos\inTheFox\PrintMate.Terminal\PrintMate.Terminal\PrintMate.Terminal_a2fnkli1_wpftmp.csproj]
C:\Users\User\source\repos\inTheFox\PrintMate.Terminal\PrintMate.Terminal\Migrations\20251128035256_fjenwfnekwjfew.Designer.cs(15,19): warning CS8981: Имя типа "fjenwfnekwjfew" содержит только строчные символы ASCII. Такие имена могут резервироваться для языка. [C:\Users\User\source\repos\inTheFox\PrintMate.Terminal\PrintMate.Terminal\PrintMate.Terminal_a2fnkli1_wpftmp.csproj]
C:\Users\User\source\repos\inTheFox\PrintMate.Terminal\PrintMate.Terminal\Parsers\CliParser\CliProviderExtension.cs(51,27): warning CS8632: Аннотацию для ссылочных типов, допускающих значения NULL, следует использовать в коде только в контексте аннотаций "#nullable". [C:\Users\User\source\repos\inTheFox\PrintMate.Terminal\PrintMate.Terminal\PrintMate.Terminal_a2fnkli1_wpftmp.csproj]
C:\Users\User\source\repos\inTheFox\PrintMate.Terminal\PrintMate.Terminal\Parsers\Shared\Models\Project.cs(36,21): warning CS8632: Аннотацию для ссылочных типов, допускающих значения NULL, следует использовать в коде только в контексте аннотаций "#nullable". [C:\Users\User\source\repos\inTheFox\PrintMate.Terminal\PrintMate.Terminal\PrintMate.Terminal_a2fnkli1_wpftmp.csproj]
C:\Users\User\source\repos\inTheFox\PrintMate.Terminal\PrintMate.Terminal\Views\ComponentsViews\DirectoryItemComponent.xaml.cs(39,51): warning CS0108: "DirectoryItemComponent.NameProperty" скрывает наследуемый член "FrameworkElement.NameProperty". Если скрытие было намеренным, используйте ключевое слово new. [C:\Users\User\source\repos\inTheFox\PrintMate.Terminal\PrintMate.Terminal\PrintMate.Terminal_a2fnkli1_wpftmp.csproj]
C:\Users\User\source\repos\inTheFox\PrintMate.Terminal\PrintMate.Terminal\Views\ComponentsViews\DirectoryItemComponent.xaml.cs(45,26): warning CS0108: "DirectoryItemComponent.Name" скрывает наследуемый член "FrameworkElement.Name". Если скрытие было намеренным, используйте ключевое слово new. [C:\Users\User\source\repos\inTheFox\PrintMate.Terminal\PrintMate.Terminal\PrintMate.Terminal_a2fnkli1_wpftmp.csproj]
C:\Users\User\source\repos\inTheFox\PrintMate.Terminal\PrintMate.Terminal\Services\PrintService.cs(37,21): warning CS8632: Аннотацию для ссылочных типов, допускающих значения NULL, следует использовать в коде только в контексте аннотаций "#nullable". [C:\Users\User\source\repos\inTheFox\PrintMate.Terminal\PrintMate.Terminal\PrintMate.Terminal_a2fnkli1_wpftmp.csproj]
C:\Users\User\source\repos\inTheFox\PrintMate.Terminal\PrintMate.Terminal\Services\PrintSessionService.cs(295,37): warning CS8632: Аннотацию для ссылочных типов, допускающих значения NULL, следует использовать в коде только в контексте аннотаций "#nullable". [C:\Users\User\source\repos\inTheFox\PrintMate.Terminal\PrintMate.Terminal\PrintMate.Terminal_a2fnkli1_wpftmp.csproj]
C:\Users\User\source\repos\inTheFox\PrintMate.Terminal\PrintMate.Terminal\Views\Keyboard.xaml.cs(518,21): warning CS0114: "Keyboard.AddText(string)" скрывает наследуемый член "ContentControl.AddText(string)". Чтобы текущий член переопределял эту реализацию, добавьте ключевое слово override. В противном случае добавьте ключевое слово new. [C:\Users\User\source\repos\inTheFox\PrintMate.Terminal\PrintMate.Terminal\PrintMate.Terminal_a2fnkli1_wpftmp.csproj]
C:\Users\User\source\repos\inTheFox\PrintMate.Terminal\PrintMate.Terminal\ViewModels\ModalsViewModels\DirectoryPickerControlViewModel.cs(94,22): warning CS8632: Аннотацию для ссылочных типов, допускающих значения NULL, следует использовать в коде только в контексте аннотаций "#nullable". [C:\Users\User\source\repos\inTheFox\PrintMate.Terminal\PrintMate.Terminal\PrintMate.Terminal_a2fnkli1_wpftmp.csproj]
C:\Users\User\source\repos\inTheFox\PrintMate.Terminal\PrintMate.Terminal\Parsers\Shared\Models\Data.cs(32,64): warning CS8632: Аннотацию для ссылочных типов, допускающих значения NULL, следует использовать в коде только в контексте аннотаций "#nullable". [C:\Users\User\source\repos\inTheFox\PrintMate.Terminal\PrintMate.Terminal\PrintMate.Terminal_a2fnkli1_wpftmp.csproj]
C:\Users\User\source\repos\inTheFox\PrintMate.Terminal\PrintMate.Terminal\Opc\LogicControllerService.cs(75,25): warning CS4014: Поскольку этот вызов не ожидается, выполнение текущего метода продолжается до завершения вызова. Попробуйте применить оператор await к результату вызова. [C:\Users\User\source\repos\inTheFox\PrintMate.Terminal\PrintMate.Terminal\PrintMate.Terminal_a2fnkli1_wpftmp.csproj]
C:\Users\User\source\repos\inTheFox\PrintMate.Terminal\PrintMate.Terminal\Opc\LogicControllerService.cs(90,21): warning CS4014: Поскольку этот вызов не ожидается, выполнение текущего метода продолжается до завершения вызова. Попробуйте применить оператор await к результату вызова. [C:\Users\User\source\repos\inTheFox\PrintMate.Terminal\PrintMate.Terminal\PrintMate.Terminal_a2fnkli1_wpftmp.csproj]
C:\Users\User\source\repos\inTheFox\PrintMate.Terminal\PrintMate.Terminal\Opc\LogicControllerService.cs(162,30): warning CS0168: Переменная "e" объявлена, но ни разу не использована. [C:\Users\User\source\repos\inTheFox\PrintMate.Terminal\PrintMate.Terminal\PrintMate.Terminal_a2fnkli1_wpftmp.csproj]
C:\Users\User\source\repos\inTheFox\PrintMate.Terminal\PrintMate.Terminal\Opc\LogicControllerService.cs(199,25): warning CS0162: Обнаружен недостижимый код [C:\Users\User\source\repos\inTheFox\PrintMate.Terminal\PrintMate.Terminal\PrintMate.Terminal_a2fnkli1_wpftmp.csproj]
C:\Users\User\source\repos\inTheFox\PrintMate.Terminal\PrintMate.Terminal\Opc\LogicControllerService.cs(202,25): warning CS0162: Обнаружен недостижимый код [C:\Users\User\source\repos\inTheFox\PrintMate.Terminal\PrintMate.Terminal\PrintMate.Terminal_a2fnkli1_wpftmp.csproj]
C:\Users\User\source\repos\inTheFox\PrintMate.Terminal\PrintMate.Terminal\Opc\LogicControllerService.cs(205,25): warning CS0162: Обнаружен недостижимый код [C:\Users\User\source\repos\inTheFox\PrintMate.Terminal\PrintMate.Terminal\PrintMate.Terminal_a2fnkli1_wpftmp.csproj]
C:\Users\User\source\repos\inTheFox\PrintMate.Terminal\PrintMate.Terminal\Opc\LogicControllerService.cs(208,25): warning CS0162: Обнаружен недостижимый код [C:\Users\User\source\repos\inTheFox\PrintMate.Terminal\PrintMate.Terminal\PrintMate.Terminal_a2fnkli1_wpftmp.csproj]
C:\Users\User\source\repos\inTheFox\PrintMate.Terminal\PrintMate.Terminal\Opc\LogicControllerService.cs(186,30): warning CS0168: Переменная "e" объявлена, но ни разу не использована. [C:\Users\User\source\repos\inTheFox\PrintMate.Terminal\PrintMate.Terminal\PrintMate.Terminal_a2fnkli1_wpftmp.csproj]
C:\Users\User\source\repos\inTheFox\PrintMate.Terminal\PrintMate.Terminal\Parsers\CliParser\CliProvider.cs(371,22): warning CS0219: Переменной "hasData" присвоено значение, но оно ни разу не использовано. [C:\Users\User\source\repos\inTheFox\PrintMate.Terminal\PrintMate.Terminal\PrintMate.Terminal_a2fnkli1_wpftmp.csproj]
C:\Users\User\source\repos\inTheFox\PrintMate.Terminal\PrintMate.Terminal\Hans\UdmBuilder.cs(318,30): warning CS0168: Переменная "e" объявлена, но ни разу не использована. [C:\Users\User\source\repos\inTheFox\PrintMate.Terminal\PrintMate.Terminal\PrintMate.Terminal_a2fnkli1_wpftmp.csproj]
C:\Users\User\source\repos\inTheFox\PrintMate.Terminal\PrintMate.Terminal\Opc\LogicControllerObserverProxy.cs(94,42): warning CS0168: Переменная "e" объявлена, но ни разу не использована. [C:\Users\User\source\repos\inTheFox\PrintMate.Terminal\PrintMate.Terminal\PrintMate.Terminal_a2fnkli1_wpftmp.csproj]
C:\Users\User\source\repos\inTheFox\PrintMate.Terminal\PrintMate.Terminal\Services\LoggerService.cs(47,29): warning CS4014: Поскольку этот вызов не ожидается, выполнение текущего метода продолжается до завершения вызова. Попробуйте применить оператор await к результату вызова. [C:\Users\User\source\repos\inTheFox\PrintMate.Terminal\PrintMate.Terminal\PrintMate.Terminal_a2fnkli1_wpftmp.csproj]
C:\Users\User\source\repos\inTheFox\PrintMate.Terminal\PrintMate.Terminal\Rendering\CliGeometryBuilder.cs(43,26): warning CS0219: Переменной "platformThickness" присвоено значение, но оно ни разу не использовано. [C:\Users\User\source\repos\inTheFox\PrintMate.Terminal\PrintMate.Terminal\PrintMate.Terminal_a2fnkli1_wpftmp.csproj]
C:\Users\User\source\repos\inTheFox\PrintMate.Terminal\PrintMate.Terminal\Opc\LogicControllerObserver.cs(148,42): warning CS0168: Переменная "e" объявлена, но ни разу не использована. [C:\Users\User\source\repos\inTheFox\PrintMate.Terminal\PrintMate.Terminal\PrintMate.Terminal_a2fnkli1_wpftmp.csproj]
C:\Users\User\source\repos\inTheFox\PrintMate.Terminal\PrintMate.Terminal\Services\PingObserver.cs(61,25): warning CS4014: Поскольку этот вызов не ожидается, выполнение текущего метода продолжается до завершения вызова. Попробуйте применить оператор await к результату вызова. [C:\Users\User\source\repos\inTheFox\PrintMate.Terminal\PrintMate.Terminal\PrintMate.Terminal_a2fnkli1_wpftmp.csproj]
C:\Users\User\source\repos\inTheFox\PrintMate.Terminal\PrintMate.Terminal\Services\PingObserver.cs(45,13): warning CS4014: Поскольку этот вызов не ожидается, выполнение текущего метода продолжается до завершения вызова. Попробуйте применить оператор await к результату вызова. [C:\Users\User\source\repos\inTheFox\PrintMate.Terminal\PrintMate.Terminal\PrintMate.Terminal_a2fnkli1_wpftmp.csproj]
C:\Users\User\source\repos\inTheFox\PrintMate.Terminal\PrintMate.Terminal\Services\PrintService.cs(110,21): warning CS4014: Поскольку этот вызов не ожидается, выполнение текущего метода продолжается до завершения вызова. Попробуйте применить оператор await к результату вызова. [C:\Users\User\source\repos\inTheFox\PrintMate.Terminal\PrintMate.Terminal\PrintMate.Terminal_a2fnkli1_wpftmp.csproj]
C:\Users\User\source\repos\inTheFox\PrintMate.Terminal\PrintMate.Terminal\Services\PrintService.cs(253,17): warning CS4014: Поскольку этот вызов не ожидается, выполнение текущего метода продолжается до завершения вызова. Попробуйте применить оператор await к результату вызова. [C:\Users\User\source\repos\inTheFox\PrintMate.Terminal\PrintMate.Terminal\PrintMate.Terminal_a2fnkli1_wpftmp.csproj]
C:\Users\User\source\repos\inTheFox\PrintMate.Terminal\PrintMate.Terminal\Services\PrintService.cs(303,25): warning CS0162: Обнаружен недостижимый код [C:\Users\User\source\repos\inTheFox\PrintMate.Terminal\PrintMate.Terminal\PrintMate.Terminal_a2fnkli1_wpftmp.csproj]
C:\Users\User\source\repos\inTheFox\PrintMate.Terminal\PrintMate.Terminal\Services\PrintService.cs(319,17): warning CS4014: Поскольку этот вызов не ожидается, выполнение текущего метода продолжается до завершения вызова. Попробуйте применить оператор await к результату вызова. [C:\Users\User\source\repos\inTheFox\PrintMate.Terminal\PrintMate.Terminal\PrintMate.Terminal_a2fnkli1_wpftmp.csproj]
C:\Users\User\source\repos\inTheFox\PrintMate.Terminal\PrintMate.Terminal\Views\Modals\AddProjectModalContainer.xaml.cs(76,13): warning CS4014: Поскольку этот вызов не ожидается, выполнение текущего метода продолжается до завершения вызова. Попробуйте применить оператор await к результату вызова. [C:\Users\User\source\repos\inTheFox\PrintMate.Terminal\PrintMate.Terminal\PrintMate.Terminal_a2fnkli1_wpftmp.csproj]
C:\Users\User\source\repos\inTheFox\PrintMate.Terminal\PrintMate.Terminal\ViewModels\PagesViewModels\Layer3DViewModel.cs(321,20): warning CS0219: Переменной "halfSize" присвоено значение, но оно ни разу не использовано. [C:\Users\User\source\repos\inTheFox\PrintMate.Terminal\PrintMate.Terminal\PrintMate.Terminal_a2fnkli1_wpftmp.csproj]
C:\Users\User\source\repos\inTheFox\PrintMate.Terminal\PrintMate.Terminal\ViewModels\ProjectPreviewViewModel.cs(425,37): warning CS0618: "SKPaint.FilterQuality" является устаревшим: 'Use SKSamplingOptions instead.' [C:\Users\User\source\repos\inTheFox\PrintMate.Terminal\PrintMate.Terminal\PrintMate.Terminal_a2fnkli1_wpftmp.csproj]
C:\Users\User\source\repos\inTheFox\PrintMate.Terminal\PrintMate.Terminal\ViewModels\ProjectPreviewViewModel.cs(425,59): warning CS0618: "SKFilterQuality" является устаревшим: 'Use SKSamplingOptions instead.' [C:\Users\User\source\repos\inTheFox\PrintMate.Terminal\PrintMate.Terminal\PrintMate.Terminal_a2fnkli1_wpftmp.csproj]
C:\Users\User\source\repos\inTheFox\PrintMate.Terminal\PrintMate.Terminal\ViewModels\ProjectPreviewViewModel.cs(553,37): warning CS0618: "SKPaint.FilterQuality" является устаревшим: 'Use SKSamplingOptions instead.' [C:\Users\User\source\repos\inTheFox\PrintMate.Terminal\PrintMate.Terminal\PrintMate.Terminal_a2fnkli1_wpftmp.csproj]
C:\Users\User\source\repos\inTheFox\PrintMate.Terminal\PrintMate.Terminal\ViewModels\ProjectPreviewViewModel.cs(553,59): warning CS0618: "SKFilterQuality" является устаревшим: 'Use SKSamplingOptions instead.' [C:\Users\User\source\repos\inTheFox\PrintMate.Terminal\PrintMate.Terminal\PrintMate.Terminal_a2fnkli1_wpftmp.csproj]
C:\Users\User\source\repos\inTheFox\PrintMate.Terminal\PrintMate.Terminal\Services\PrintService.cs(506,13): warning CS4014: Поскольку этот вызов не ожидается, выполнение текущего метода продолжается до завершения вызова. Попробуйте применить оператор await к результату вызова. [C:\Users\User\source\repos\inTheFox\PrintMate.Terminal\PrintMate.Terminal\PrintMate.Terminal_a2fnkli1_wpftmp.csproj]
C:\Users\User\source\repos\inTheFox\PrintMate.Terminal\PrintMate.Terminal\ViewModels\Configure\ConfigureParametersViewModels\ConfigureParametersLasersViewModel.cs(206,9): warning CS4014: Поскольку этот вызов не ожидается, выполнение текущего метода продолжается до завершения вызова. Попробуйте применить оператор await к результату вызова. [C:\Users\User\source\repos\inTheFox\PrintMate.Terminal\PrintMate.Terminal\PrintMate.Terminal_a2fnkli1_wpftmp.csproj]
C:\Users\User\source\repos\inTheFox\PrintMate.Terminal\PrintMate.Terminal\ViewModels\Configure\ConfigureParametersViewModels\ConfigureParametersLasersViewModel.cs(288,21): warning CS4014: Поскольку этот вызов не ожидается, выполнение текущего метода продолжается до завершения вызова. Попробуйте применить оператор await к результату вызова. [C:\Users\User\source\repos\inTheFox\PrintMate.Terminal\PrintMate.Terminal\PrintMate.Terminal_a2fnkli1_wpftmp.csproj]
C:\Users\User\source\repos\inTheFox\PrintMate.Terminal\PrintMate.Terminal\ViewModels\Configure\ConfigureParametersViewModels\ConfigureParametersLasersViewModel.cs(296,21): warning CS4014: Поскольку этот вызов не ожидается, выполнение текущего метода продолжается до завершения вызова. Попробуйте применить оператор await к результату вызова. [C:\Users\User\source\repos\inTheFox\PrintMate.Terminal\PrintMate.Terminal\PrintMate.Terminal_a2fnkli1_wpftmp.csproj]
C:\Users\User\source\repos\inTheFox\PrintMate.Terminal\PrintMate.Terminal\ViewModels\Configure\ConfigureParametersViewModels\ConfigureParametersLasersViewModel.cs(303,17): warning CS4014: Поскольку этот вызов не ожидается, выполнение текущего метода продолжается до завершения вызова. Попробуйте применить оператор await к результату вызова. [C:\Users\User\source\repos\inTheFox\PrintMate.Terminal\PrintMate.Terminal\PrintMate.Terminal_a2fnkli1_wpftmp.csproj]
C:\Users\User\source\repos\inTheFox\PrintMate.Terminal\PrintMate.Terminal\ViewModels\PagesViewModels\ProjectViewer3DViewModel.cs(335,17): warning CS4014: Поскольку этот вызов не ожидается, выполнение текущего метода продолжается до завершения вызова. Попробуйте применить оператор await к результату вызова. [C:\Users\User\source\repos\inTheFox\PrintMate.Terminal\PrintMate.Terminal\PrintMate.Terminal_a2fnkli1_wpftmp.csproj]
C:\Users\User\source\repos\inTheFox\PrintMate.Terminal\PrintMate.Terminal\Services\PrintService.cs(655,33): warning CS0162: Обнаружен недостижимый код [C:\Users\User\source\repos\inTheFox\PrintMate.Terminal\PrintMate.Terminal\PrintMate.Terminal_a2fnkli1_wpftmp.csproj]
C:\Users\User\source\repos\inTheFox\PrintMate.Terminal\PrintMate.Terminal\ViewModels\PrintPageViewModel.cs(420,17): warning CS4014: Поскольку этот вызов не ожидается, выполнение текущего метода продолжается до завершения вызова. Попробуйте применить оператор await к результату вызова. [C:\Users\User\source\repos\inTheFox\PrintMate.Terminal\PrintMate.Terminal\PrintMate.Terminal_a2fnkli1_wpftmp.csproj]
C:\Users\User\source\repos\inTheFox\PrintMate.Terminal\PrintMate.Terminal\ViewModels\ModalsViewModels\DirectoryPickerControlViewModel.cs(217,30): warning CS0168: Переменная "e" объявлена, но ни разу не использована. [C:\Users\User\source\repos\inTheFox\PrintMate.Terminal\PrintMate.Terminal\PrintMate.Terminal_a2fnkli1_wpftmp.csproj]
C:\Users\User\source\repos\inTheFox\PrintMate.Terminal\PrintMate.Terminal\Services\ProjectManager.cs(95,13): warning CS4014: Поскольку этот вызов не ожидается, выполнение текущего метода продолжается до завершения вызова. Попробуйте применить оператор await к результату вызова. [C:\Users\User\source\repos\inTheFox\PrintMate.Terminal\PrintMate.Terminal\PrintMate.Terminal_a2fnkli1_wpftmp.csproj]
C:\Users\User\source\repos\inTheFox\PrintMate.Terminal\PrintMate.Terminal\ViewModels\ModalsViewModels\ProjectDirectoryPickerViewModel.cs(220,30): warning CS0168: Переменная "e" объявлена, но ни разу не использована. [C:\Users\User\source\repos\inTheFox\PrintMate.Terminal\PrintMate.Terminal\PrintMate.Terminal_a2fnkli1_wpftmp.csproj]
C:\Users\User\source\repos\inTheFox\PrintMate.Terminal\PrintMate.Terminal\Controls\VeldridLayerRenderer.cs(71,29): warning CS0169: Поле "VeldridLayerRenderer._framebuffer" никогда не используется. [C:\Users\User\source\repos\inTheFox\PrintMate.Terminal\PrintMate.Terminal\PrintMate.Terminal_a2fnkli1_wpftmp.csproj]
C:\Users\User\source\repos\inTheFox\PrintMate.Terminal\PrintMate.Terminal\ViewModels\ModalsViewModels\AddRoleFormViewModel.cs(80,30): warning CS0169: Поле "AddRoleFormViewModel._closeCommand" никогда не используется. [C:\Users\User\source\repos\inTheFox\PrintMate.Terminal\PrintMate.Terminal\PrintMate.Terminal_a2fnkli1_wpftmp.csproj]
C:\Users\User\source\repos\inTheFox\PrintMate.Terminal\PrintMate.Terminal\ViewModels\PrintPageViewModel.cs(308,39): warning CS0169: Поле "PrintPageViewModel._modalService" никогда не используется. [C:\Users\User\source\repos\inTheFox\PrintMate.Terminal\PrintMate.Terminal\PrintMate.Terminal_a2fnkli1_wpftmp.csproj]
C:\Users\User\source\repos\inTheFox\PrintMate.Terminal\PrintMate.Terminal\Views\Configure\ConfigureParametersViews\ConfigureParametersCamera.xaml.cs(39,36): warning CS0169: Поле "ConfigureParametersCamera._videoSource" никогда не используется. [C:\Users\User\source\repos\inTheFox\PrintMate.Terminal\PrintMate.Terminal\PrintMate.Terminal_a2fnkli1_wpftmp.csproj]
C:\Users\User\source\repos\inTheFox\PrintMate.Terminal\PrintMate.Terminal\ViewModels\ProjectPreviewViewModel.cs(78,29): warning CS0067: Событие "ProjectPreviewViewModel.PathsUpdated" никогда не используется. [C:\Users\User\source\repos\inTheFox\PrintMate.Terminal\PrintMate.Terminal\PrintMate.Terminal_a2fnkli1_wpftmp.csproj]
C:\Users\User\source\repos\inTheFox\PrintMate.Terminal\PrintMate.Terminal\Views\Keyboard.xaml.cs(58,25): warning CS0169: Поле "Keyboard.activeTextBox" никогда не используется. [C:\Users\User\source\repos\inTheFox\PrintMate.Terminal\PrintMate.Terminal\PrintMate.Terminal_a2fnkli1_wpftmp.csproj]
C:\Users\User\source\repos\inTheFox\PrintMate.Terminal\PrintMate.Terminal\ViewModels\IndicatorDecimalViewModel.cs(93,27): warning CS0169: Поле "IndicatorDecimalViewModel._commandId" никогда не используется. [C:\Users\User\source\repos\inTheFox\PrintMate.Terminal\PrintMate.Terminal\PrintMate.Terminal_a2fnkli1_wpftmp.csproj]
C:\Users\User\source\repos\inTheFox\PrintMate.Terminal\PrintMate.Terminal\ViewModels\ManualAxesControlViewModel.cs(48,51): warning CS0169: Поле "ManualAxesControlViewModel._logicControllerProvider" никогда не используется. [C:\Users\User\source\repos\inTheFox\PrintMate.Terminal\PrintMate.Terminal\PrintMate.Terminal_a2fnkli1_wpftmp.csproj]
C:\Users\User\source\repos\inTheFox\PrintMate.Terminal\PrintMate.Terminal\Views\Configure\ConfigureParametersViews\ConfigureParametersCamera.xaml.cs(38,38): warning CS0169: Поле "ConfigureParametersCamera._videoDevices" никогда не используется. [C:\Users\User\source\repos\inTheFox\PrintMate.Terminal\PrintMate.Terminal\PrintMate.Terminal_a2fnkli1_wpftmp.csproj]
C:\Users\User\source\repos\inTheFox\PrintMate.Terminal\PrintMate.Terminal\ViewModels\Configure\ConfigureParametersViewModels\ConfigureParametersPlcViewModel.cs(41,21): warning CS0169: Поле "ConfigureParametersPlcViewModel._test" никогда не используется. [C:\Users\User\source\repos\inTheFox\PrintMate.Terminal\PrintMate.Terminal\PrintMate.Terminal_a2fnkli1_wpftmp.csproj]
C:\Users\User\source\repos\inTheFox\PrintMate.Terminal\PrintMate.Terminal\Controls\VeldridLayerRenderer.cs(72,25): warning CS0169: Поле "VeldridLayerRenderer._offscreenTexture" никогда не используется. [C:\Users\User\source\repos\inTheFox\PrintMate.Terminal\PrintMate.Terminal\PrintMate.Terminal_a2fnkli1_wpftmp.csproj]
C:\Users\User\source\repos\inTheFox\PrintMate.Terminal\PrintMate.Terminal\Parsers\CliParser\CliProvider.cs(33,37): warning CS0067: Событие "CliProvider.ParseError" никогда не используется. [C:\Users\User\source\repos\inTheFox\PrintMate.Terminal\PrintMate.Terminal\PrintMate.Terminal_a2fnkli1_wpftmp.csproj]
C:\Users\User\source\repos\inTheFox\PrintMate.Terminal\PrintMate.Terminal\ViewModels\PagesViewModels\ProjectViewer3DViewModel.cs(42,22): warning CS0169: Поле "ProjectViewer3DViewModel._isSimulating" никогда не используется. [C:\Users\User\source\repos\inTheFox\PrintMate.Terminal\PrintMate.Terminal\PrintMate.Terminal_a2fnkli1_wpftmp.csproj]
C:\Users\User\source\repos\inTheFox\PrintMate.Terminal\PrintMate.Terminal\ViewModels\PagesViewModels\ProjectViewer3DViewModel.cs(269,39): warning CS0169: Поле "ProjectViewer3DViewModel._modalService" никогда не используется. [C:\Users\User\source\repos\inTheFox\PrintMate.Terminal\PrintMate.Terminal\PrintMate.Terminal_a2fnkli1_wpftmp.csproj]
C:\Users\User\source\repos\inTheFox\PrintMate.Terminal\PrintMate.Terminal\Controls\DX11ViewportControl.xaml.cs(72,25): warning CS0169: Поле "DX11ViewportControl._platformShadowMesh" никогда не используется. [C:\Users\User\source\repos\inTheFox\PrintMate.Terminal\PrintMate.Terminal\PrintMate.Terminal_a2fnkli1_wpftmp.csproj]
C:\Users\User\source\repos\inTheFox\PrintMate.Terminal\PrintMate.Terminal\Controls\VeldridLayerRenderer.cs(73,25): warning CS0169: Поле "VeldridLayerRenderer._depthTexture" никогда не используется. [C:\Users\User\source\repos\inTheFox\PrintMate.Terminal\PrintMate.Terminal\PrintMate.Terminal_a2fnkli1_wpftmp.csproj]
C:\Users\User\source\repos\inTheFox\PrintMate.Terminal\PrintMate.Terminal\ViewModels\ManualAxesControlViewModel.cs(45,21): warning CS0169: Поле "ManualAxesControlViewModel._preRecounterPosition" никогда не используется. [C:\Users\User\source\repos\inTheFox\PrintMate.Terminal\PrintMate.Terminal\PrintMate.Terminal_a2fnkli1_wpftmp.csproj]
C:\Users\User\source\repos\inTheFox\PrintMate.Terminal\PrintMate.Terminal\ViewModels\PrintPageViewModel.cs(41,22): warning CS0169: Поле "PrintPageViewModel._isSimulating" никогда не используется. [C:\Users\User\source\repos\inTheFox\PrintMate.Terminal\PrintMate.Terminal\PrintMate.Terminal_a2fnkli1_wpftmp.csproj]
C:\Users\User\source\repos\inTheFox\PrintMate.Terminal\PrintMate.Terminal\ViewModels\PagesViewModels\ProjectViewer3DViewModel.cs(151,22): warning CS0414: Полю "ProjectViewer3DViewModel._lastHighlightedPartId" присвоено значение, но оно ни разу не использовано. [C:\Users\User\source\repos\inTheFox\PrintMate.Terminal\PrintMate.Terminal\PrintMate.Terminal_a2fnkli1_wpftmp.csproj]
C:\Users\User\source\repos\inTheFox\PrintMate.Terminal\PrintMate.Terminal\Views\Keyboard.xaml.cs(57,22): warning CS0414: Полю "Keyboard.isRussianLayout" присвоено значение, но оно ни разу не использовано. [C:\Users\User\source\repos\inTheFox\PrintMate.Terminal\PrintMate.Terminal\PrintMate.Terminal_a2fnkli1_wpftmp.csproj]
C:\Users\User\source\repos\inTheFox\PrintMate.Terminal\PrintMate.Terminal\Hans\UdmBuilderJavaPort.cs(39,24): warning CS0414: Полю "UdmBuilderJavaPort._lastZCoord" присвоено значение, но оно ни разу не использовано. [C:\Users\User\source\repos\inTheFox\PrintMate.Terminal\PrintMate.Terminal\PrintMate.Terminal_a2fnkli1_wpftmp.csproj]
C:\Users\User\source\repos\inTheFox\PrintMate.Terminal\PrintMate.Terminal\Services\PrintService.cs(77,22): warning CS0414: Полю "PrintService._isDosingStarted" присвоено значение, но оно ни разу не использовано. [C:\Users\User\source\repos\inTheFox\PrintMate.Terminal\PrintMate.Terminal\PrintMate.Terminal_a2fnkli1_wpftmp.csproj]
C:\Users\User\source\repos\inTheFox\PrintMate.Terminal\PrintMate.Terminal\Views\Configure\ConfigureParametersViews\ConfigureParametersCamera.xaml.cs(37,21): warning CS0414: Полю "ConfigureParametersCamera._selectedCameraIndex" присвоено значение, но оно ни разу не использовано. [C:\Users\User\source\repos\inTheFox\PrintMate.Terminal\PrintMate.Terminal\PrintMate.Terminal_a2fnkli1_wpftmp.csproj]
C:\Users\User\source\repos\inTheFox\PrintMate.Terminal\PrintMate.Terminal\Hans\UdmBuilder.cs(22,32): warning CS0414: Полю "UdmBuilder._currentZOffset" присвоено значение, но оно ни разу не использовано. [C:\Users\User\source\repos\inTheFox\PrintMate.Terminal\PrintMate.Terminal\PrintMate.Terminal_a2fnkli1_wpftmp.csproj]
C:\Users\User\source\repos\inTheFox\PrintMate.Terminal\PrintMate.Terminal\Hans\UdmBuilderJavaPort.cs(38,21): warning CS0414: Полю "UdmBuilderJavaPort._currentLayerIndex" присвоено значение, но оно ни разу не использовано. [C:\Users\User\source\repos\inTheFox\PrintMate.Terminal\PrintMate.Terminal\PrintMate.Terminal_a2fnkli1_wpftmp.csproj]
C:\Users\User\source\repos\inTheFox\PrintMate.Terminal\PrintMate.Terminal\Hans\TestUdmBuilder.cs(21,32): warning CS0414: Полю "TestUdmBuilder._currentZOffset" присвоено значение, но оно ни разу не использовано. [C:\Users\User\source\repos\inTheFox\PrintMate.Terminal\PrintMate.Terminal\PrintMate.Terminal_a2fnkli1_wpftmp.csproj]
C:\Users\User\source\repos\inTheFox\PrintMate.Terminal\PrintMate.Terminal\Services\PrintService.cs(78,22): warning CS0414: Полю "PrintService._printLayerStart" присвоено значение, но оно ни разу не использовано. [C:\Users\User\source\repos\inTheFox\PrintMate.Terminal\PrintMate.Terminal\PrintMate.Terminal_a2fnkli1_wpftmp.csproj]
C:\Users\User\source\repos\inTheFox\PrintMate.Terminal\PrintMate.Terminal\Views\ManualAxesControl.xaml.cs(35,21): warning CS0414: Полю "ManualAxesControl._currentRecouterPosition" присвоено значение, но оно ни разу не использовано. [C:\Users\User\source\repos\inTheFox\PrintMate.Terminal\PrintMate.Terminal\PrintMate.Terminal_a2fnkli1_wpftmp.csproj]
C:\Users\User\source\repos\inTheFox\PrintMate.Terminal\PrintMate.Terminal\ViewModels\PrintPageViewModel.cs(160,22): warning CS0414: Полю "PrintPageViewModel._lastHighlightedPartId" присвоено значение, но оно ни разу не использовано. [C:\Users\User\source\repos\inTheFox\PrintMate.Terminal\PrintMate.Terminal\PrintMate.Terminal_a2fnkli1_wpftmp.csproj]
C:\Users\User\source\repos\inTheFox\PrintMate.Terminal\PrintMate.Terminal\Services\PingService.cs(6,7): warning CS0105: Директива using для "System" ранее встречалась в этом пространстве имен [C:\Users\User\source\repos\inTheFox\PrintMate.Terminal\PrintMate.Terminal\PrintMate.Terminal.csproj]
C:\Users\User\source\repos\inTheFox\PrintMate.Terminal\PrintMate.Terminal\Services\PingService.cs(8,7): warning CS0105: Директива using для "System.Threading.Tasks" ранее встречалась в этом пространстве имен [C:\Users\User\source\repos\inTheFox\PrintMate.Terminal\PrintMate.Terminal\PrintMate.Terminal.csproj]
C:\Users\User\source\repos\inTheFox\PrintMate.Terminal\PrintMate.Terminal\Hans\MultiScanatorSystemProxy.cs(38,47): warning CS8632: Аннотацию для ссылочных типов, допускающих значения NULL, следует использовать в коде только в контексте аннотаций "#nullable". [C:\Users\User\source\repos\inTheFox\PrintMate.Terminal\PrintMate.Terminal\PrintMate.Terminal.csproj]
C:\Users\User\source\repos\inTheFox\PrintMate.Terminal\PrintMate.Terminal\Hans\ScanatorConfigurationLoader.cs(19,50): warning CS8632: Аннотацию для ссылочных типов, допускающих значения NULL, следует использовать в коде только в контексте аннотаций "#nullable". [C:\Users\User\source\repos\inTheFox\PrintMate.Terminal\PrintMate.Terminal\PrintMate.Terminal.csproj]
C:\Users\User\source\repos\inTheFox\PrintMate.Terminal\PrintMate.Terminal\Hans\MultiScanatorSystemProxy.cs(171,70): warning CS8632: Аннотацию для ссылочных типов, допускающих значения NULL, следует использовать в коде только в контексте аннотаций "#nullable". [C:\Users\User\source\repos\inTheFox\PrintMate.Terminal\PrintMate.Terminal\PrintMate.Terminal.csproj]
C:\Users\User\source\repos\inTheFox\PrintMate.Terminal\PrintMate.Terminal\Hans\MultiScanatorSystemProxy.cs(221,35): warning CS8632: Аннотацию для ссылочных типов, допускающих значения NULL, следует использовать в коде только в контексте аннотаций "#nullable". [C:\Users\User\source\repos\inTheFox\PrintMate.Terminal\PrintMate.Terminal\PrintMate.Terminal.csproj]
C:\Users\User\source\repos\inTheFox\PrintMate.Terminal\PrintMate.Terminal\Parsers\CliParser\CliProvider.cs(562,26): warning CS8632: Аннотацию для ссылочных типов, допускающих значения NULL, следует использовать в коде только в контексте аннотаций "#nullable". [C:\Users\User\source\repos\inTheFox\PrintMate.Terminal\PrintMate.Terminal\PrintMate.Terminal.csproj]
C:\Users\User\source\repos\inTheFox\PrintMate.Terminal\PrintMate.Terminal\Parsers\Shared\Models\Data.cs(32,17): warning CS8632: Аннотацию для ссылочных типов, допускающих значения NULL, следует использовать в коде только в контексте аннотаций "#nullable". [C:\Users\User\source\repos\inTheFox\PrintMate.Terminal\PrintMate.Terminal\PrintMate.Terminal.csproj]
C:\Users\User\source\repos\inTheFox\PrintMate.Terminal\PrintMate.Terminal\AppConfiguration\ScannerSettings.cs(292,37): warning CS8632: Аннотацию для ссылочных типов, допускающих значения NULL, следует использовать в коде только в контексте аннотаций "#nullable". [C:\Users\User\source\repos\inTheFox\PrintMate.Terminal\PrintMate.Terminal\PrintMate.Terminal.csproj]
C:\Users\User\source\repos\inTheFox\PrintMate.Terminal\PrintMate.Terminal\Parsers\CliParser\CliProviderExtension.cs(51,27): warning CS8632: Аннотацию для ссылочных типов, допускающих значения NULL, следует использовать в коде только в контексте аннотаций "#nullable". [C:\Users\User\source\repos\inTheFox\PrintMate.Terminal\PrintMate.Terminal\PrintMate.Terminal.csproj]
C:\Users\User\source\repos\inTheFox\PrintMate.Terminal\PrintMate.Terminal\AppConfiguration\ScannerSettings.cs(297,37): warning CS8632: Аннотацию для ссылочных типов, допускающих значения NULL, следует использовать в коде только в контексте аннотаций "#nullable". [C:\Users\User\source\repos\inTheFox\PrintMate.Terminal\PrintMate.Terminal\PrintMate.Terminal.csproj]
C:\Users\User\source\repos\inTheFox\PrintMate.Terminal\PrintMate.Terminal\Parsers\Shared\Models\Data.cs(52,25): warning CS8632: Аннотацию для ссылочных типов, допускающих значения NULL, следует использовать в коде только в контексте аннотаций "#nullable". [C:\Users\User\source\repos\inTheFox\PrintMate.Terminal\PrintMate.Terminal\PrintMate.Terminal.csproj]
C:\Users\User\source\repos\inTheFox\PrintMate.Terminal\PrintMate.Terminal\Parsers\Shared\Models\Project.cs(36,21): warning CS8632: Аннотацию для ссылочных типов, допускающих значения NULL, следует использовать в коде только в контексте аннотаций "#nullable". [C:\Users\User\source\repos\inTheFox\PrintMate.Terminal\PrintMate.Terminal\PrintMate.Terminal.csproj]
C:\Users\User\source\repos\inTheFox\PrintMate.Terminal\PrintMate.Terminal\ConfigurationSystem\Core\ConfigurationManager.cs(393,46): warning CS8632: Аннотацию для ссылочных типов, допускающих значения NULL, следует использовать в коде только в контексте аннотаций "#nullable". [C:\Users\User\source\repos\inTheFox\PrintMate.Terminal\PrintMate.Terminal\PrintMate.Terminal.csproj]
C:\Users\User\source\repos\inTheFox\PrintMate.Terminal\PrintMate.Terminal\ConfigurationSystem\Core\ConfigurationManager.cs(409,21): warning CS8632: Аннотацию для ссылочных типов, допускающих значения NULL, следует использовать в коде только в контексте аннотаций "#nullable". [C:\Users\User\source\repos\inTheFox\PrintMate.Terminal\PrintMate.Terminal\PrintMate.Terminal.csproj]
C:\Users\User\source\repos\inTheFox\PrintMate.Terminal\PrintMate.Terminal\Migrations\20251109180048_first.cs(8,26): warning CS8981: Имя типа "first" содержит только строчные символы ASCII. Такие имена могут резервироваться для языка. [C:\Users\User\source\repos\inTheFox\PrintMate.Terminal\PrintMate.Terminal\PrintMate.Terminal.csproj]
C:\Users\User\source\repos\inTheFox\PrintMate.Terminal\PrintMate.Terminal\Migrations\20251109180048_first.Designer.cs(14,19): warning CS8981: Имя типа "first" содержит только строчные символы ASCII. Такие имена могут резервироваться для языка. [C:\Users\User\source\repos\inTheFox\PrintMate.Terminal\PrintMate.Terminal\PrintMate.Terminal.csproj]
C:\Users\User\source\repos\inTheFox\PrintMate.Terminal\PrintMate.Terminal\Hans\ScanatorProxyClient.cs(595,65): warning CS8632: Аннотацию для ссылочных типов, допускающих значения NULL, следует использовать в коде только в контексте аннотаций "#nullable". [C:\Users\User\source\repos\inTheFox\PrintMate.Terminal\PrintMate.Terminal\PrintMate.Terminal.csproj]
C:\Users\User\source\repos\inTheFox\PrintMate.Terminal\PrintMate.Terminal\Migrations\20251110063726_fbwkbfwbnfkjnewjkf.cs(8,26): warning CS8981: Имя типа "fbwkbfwbnfkjnewjkf" содержит только строчные символы ASCII. Такие имена могут резервироваться для языка. [C:\Users\User\source\repos\inTheFox\PrintMate.Terminal\PrintMate.Terminal\PrintMate.Terminal.csproj]
C:\Users\User\source\repos\inTheFox\PrintMate.Terminal\PrintMate.Terminal\Migrations\20251110063726_fbwkbfwbnfkjnewjkf.Designer.cs(14,19): warning CS8981: Имя типа "fbwkbfwbnfkjnewjkf" содержит только строчные символы ASCII. Такие имена могут резервироваться для языка. [C:\Users\User\source\repos\inTheFox\PrintMate.Terminal\PrintMate.Terminal\PrintMate.Terminal.csproj]
C:\Users\User\source\repos\inTheFox\PrintMate.Terminal\PrintMate.Terminal\Migrations\20251110104117_fnwnfjkwenfkjwenkj.cs(8,26): warning CS8981: Имя типа "fnwnfjkwenfkjwenkj" содержит только строчные символы ASCII. Такие имена могут резервироваться для языка. [C:\Users\User\source\repos\inTheFox\PrintMate.Terminal\PrintMate.Terminal\PrintMate.Terminal.csproj]
C:\Users\User\source\repos\inTheFox\PrintMate.Terminal\PrintMate.Terminal\Migrations\20251110104117_fnwnfjkwenfkjwenkj.Designer.cs(14,19): warning CS8981: Имя типа "fnwnfjkwenfkjwenkj" содержит только строчные символы ASCII. Такие имена могут резервироваться для языка. [C:\Users\User\source\repos\inTheFox\PrintMate.Terminal\PrintMate.Terminal\PrintMate.Terminal.csproj]
C:\Users\User\source\repos\inTheFox\PrintMate.Terminal\PrintMate.Terminal\ConfigurationSystem\Core\ConfigurationManager.cs(46,66): warning CS8632: Аннотацию для ссылочных типов, допускающих значения NULL, следует использовать в коде только в контексте аннотаций "#nullable". [C:\Users\User\source\repos\inTheFox\PrintMate.Terminal\PrintMate.Terminal\PrintMate.Terminal.csproj]
C:\Users\User\source\repos\inTheFox\PrintMate.Terminal\PrintMate.Terminal\Migrations\20251128035256_fjenwfnekwjfew.cs(8,26): warning CS8981: Имя типа "fjenwfnekwjfew" содержит только строчные символы ASCII. Такие имена могут резервироваться для языка. [C:\Users\User\source\repos\inTheFox\PrintMate.Terminal\PrintMate.Terminal\PrintMate.Terminal.csproj]
C:\Users\User\source\repos\inTheFox\PrintMate.Terminal\PrintMate.Terminal\Migrations\20251128035256_fjenwfnekwjfew.Designer.cs(15,19): warning CS8981: Имя типа "fjenwfnekwjfew" содержит только строчные символы ASCII. Такие имена могут резервироваться для языка. [C:\Users\User\source\repos\inTheFox\PrintMate.Terminal\PrintMate.Terminal\PrintMate.Terminal.csproj]
C:\Users\User\source\repos\inTheFox\PrintMate.Terminal\PrintMate.Terminal\Parsers\CncParser\CncProvider.cs(448,26): warning CS8632: Аннотацию для ссылочных типов, допускающих значения NULL, следует использовать в коде только в контексте аннотаций "#nullable". [C:\Users\User\source\repos\inTheFox\PrintMate.Terminal\PrintMate.Terminal\PrintMate.Terminal.csproj]
C:\Users\User\source\repos\inTheFox\PrintMate.Terminal\PrintMate.Terminal\Views\ComponentsViews\DirectoryItemComponent.xaml.cs(39,51): warning CS0108: "DirectoryItemComponent.NameProperty" скрывает наследуемый член "FrameworkElement.NameProperty". Если скрытие было намеренным, используйте ключевое слово new. [C:\Users\User\source\repos\inTheFox\PrintMate.Terminal\PrintMate.Terminal\PrintMate.Terminal.csproj]
C:\Users\User\source\repos\inTheFox\PrintMate.Terminal\PrintMate.Terminal\Views\ComponentsViews\DirectoryItemComponent.xaml.cs(45,26): warning CS0108: "DirectoryItemComponent.Name" скрывает наследуемый член "FrameworkElement.Name". Если скрытие было намеренным, используйте ключевое слово new. [C:\Users\User\source\repos\inTheFox\PrintMate.Terminal\PrintMate.Terminal\PrintMate.Terminal.csproj]
C:\Users\User\source\repos\inTheFox\PrintMate.Terminal\PrintMate.Terminal\Services\PrintService.cs(37,21): warning CS8632: Аннотацию для ссылочных типов, допускающих значения NULL, следует использовать в коде только в контексте аннотаций "#nullable". [C:\Users\User\source\repos\inTheFox\PrintMate.Terminal\PrintMate.Terminal\PrintMate.Terminal.csproj]
C:\Users\User\source\repos\inTheFox\PrintMate.Terminal\PrintMate.Terminal\Services\PrintSessionService.cs(295,37): warning CS8632: Аннотацию для ссылочных типов, допускающих значения NULL, следует использовать в коде только в контексте аннотаций "#nullable". [C:\Users\User\source\repos\inTheFox\PrintMate.Terminal\PrintMate.Terminal\PrintMate.Terminal.csproj]
C:\Users\User\source\repos\inTheFox\PrintMate.Terminal\PrintMate.Terminal\ViewModels\ModalsViewModels\DirectoryPickerControlViewModel.cs(94,22): warning CS8632: Аннотацию для ссылочных типов, допускающих значения NULL, следует использовать в коде только в контексте аннотаций "#nullable". [C:\Users\User\source\repos\inTheFox\PrintMate.Terminal\PrintMate.Terminal\PrintMate.Terminal.csproj]
C:\Users\User\source\repos\inTheFox\PrintMate.Terminal\PrintMate.Terminal\Views\Keyboard.xaml.cs(518,21): warning CS0114: "Keyboard.AddText(string)" скрывает наследуемый член "ContentControl.AddText(string)". Чтобы текущий член переопределял эту реализацию, добавьте ключевое слово override. В противном случае добавьте ключевое слово new. [C:\Users\User\source\repos\inTheFox\PrintMate.Terminal\PrintMate.Terminal\PrintMate.Terminal.csproj]
C:\Users\User\source\repos\inTheFox\PrintMate.Terminal\PrintMate.Terminal\Parsers\Shared\Models\Data.cs(32,64): warning CS8632: Аннотацию для ссылочных типов, допускающих значения NULL, следует использовать в коде только в контексте аннотаций "#nullable". [C:\Users\User\source\repos\inTheFox\PrintMate.Terminal\PrintMate.Terminal\PrintMate.Terminal.csproj]
C:\Users\User\source\repos\inTheFox\PrintMate.Terminal\PrintMate.Terminal\Hans\UdmBuilder.cs(318,30): warning CS0168: Переменная "e" объявлена, но ни разу не использована. [C:\Users\User\source\repos\inTheFox\PrintMate.Terminal\PrintMate.Terminal\PrintMate.Terminal.csproj]
C:\Users\User\source\repos\inTheFox\PrintMate.Terminal\PrintMate.Terminal\Opc\LogicControllerService.cs(75,25): warning CS4014: Поскольку этот вызов не ожидается, выполнение текущего метода продолжается до завершения вызова. Попробуйте применить оператор await к результату вызова. [C:\Users\User\source\repos\inTheFox\PrintMate.Terminal\PrintMate.Terminal\PrintMate.Terminal.csproj]
C:\Users\User\source\repos\inTheFox\PrintMate.Terminal\PrintMate.Terminal\Opc\LogicControllerService.cs(90,21): warning CS4014: Поскольку этот вызов не ожидается, выполнение текущего метода продолжается до завершения вызова. Попробуйте применить оператор await к результату вызова. [C:\Users\User\source\repos\inTheFox\PrintMate.Terminal\PrintMate.Terminal\PrintMate.Terminal.csproj]
C:\Users\User\source\repos\inTheFox\PrintMate.Terminal\PrintMate.Terminal\Parsers\CliParser\CliProvider.cs(371,22): warning CS0219: Переменной "hasData" присвоено значение, но оно ни разу не использовано. [C:\Users\User\source\repos\inTheFox\PrintMate.Terminal\PrintMate.Terminal\PrintMate.Terminal.csproj]
C:\Users\User\source\repos\inTheFox\PrintMate.Terminal\PrintMate.Terminal\Opc\LogicControllerService.cs(162,30): warning CS0168: Переменная "e" объявлена, но ни разу не использована. [C:\Users\User\source\repos\inTheFox\PrintMate.Terminal\PrintMate.Terminal\PrintMate.Terminal.csproj]
C:\Users\User\source\repos\inTheFox\PrintMate.Terminal\PrintMate.Terminal\Opc\LogicControllerService.cs(199,25): warning CS0162: Обнаружен недостижимый код [C:\Users\User\source\repos\inTheFox\PrintMate.Terminal\PrintMate.Terminal\PrintMate.Terminal.csproj]
C:\Users\User\source\repos\inTheFox\PrintMate.Terminal\PrintMate.Terminal\Opc\LogicControllerService.cs(202,25): warning CS0162: Обнаружен недостижимый код [C:\Users\User\source\repos\inTheFox\PrintMate.Terminal\PrintMate.Terminal\PrintMate.Terminal.csproj]
C:\Users\User\source\repos\inTheFox\PrintMate.Terminal\PrintMate.Terminal\Opc\LogicControllerService.cs(205,25): warning CS0162: Обнаружен недостижимый код [C:\Users\User\source\repos\inTheFox\PrintMate.Terminal\PrintMate.Terminal\PrintMate.Terminal.csproj]
C:\Users\User\source\repos\inTheFox\PrintMate.Terminal\PrintMate.Terminal\Opc\LogicControllerService.cs(208,25): warning CS0162: Обнаружен недостижимый код [C:\Users\User\source\repos\inTheFox\PrintMate.Terminal\PrintMate.Terminal\PrintMate.Terminal.csproj]
C:\Users\User\source\repos\inTheFox\PrintMate.Terminal\PrintMate.Terminal\Opc\LogicControllerService.cs(186,30): warning CS0168: Переменная "e" объявлена, но ни разу не использована. [C:\Users\User\source\repos\inTheFox\PrintMate.Terminal\PrintMate.Terminal\PrintMate.Terminal.csproj]
C:\Users\User\source\repos\inTheFox\PrintMate.Terminal\PrintMate.Terminal\Rendering\CliGeometryBuilder.cs(43,26): warning CS0219: Переменной "platformThickness" присвоено значение, но оно ни разу не использовано. [C:\Users\User\source\repos\inTheFox\PrintMate.Terminal\PrintMate.Terminal\PrintMate.Terminal.csproj]
C:\Users\User\source\repos\inTheFox\PrintMate.Terminal\PrintMate.Terminal\Opc\LogicControllerObserver.cs(148,42): warning CS0168: Переменная "e" объявлена, но ни разу не использована. [C:\Users\User\source\repos\inTheFox\PrintMate.Terminal\PrintMate.Terminal\PrintMate.Terminal.csproj]
C:\Users\User\source\repos\inTheFox\PrintMate.Terminal\PrintMate.Terminal\ViewModels\Configure\ConfigureParametersViewModels\ConfigureParametersLasersViewModel.cs(206,9): warning CS4014: Поскольку этот вызов не ожидается, выполнение текущего метода продолжается до завершения вызова. Попробуйте применить оператор await к результату вызова. [C:\Users\User\source\repos\inTheFox\PrintMate.Terminal\PrintMate.Terminal\PrintMate.Terminal.csproj]
C:\Users\User\source\repos\inTheFox\PrintMate.Terminal\PrintMate.Terminal\ViewModels\Configure\ConfigureParametersViewModels\ConfigureParametersLasersViewModel.cs(288,21): warning CS4014: Поскольку этот вызов не ожидается, выполнение текущего метода продолжается до завершения вызова. Попробуйте применить оператор await к результату вызова. [C:\Users\User\source\repos\inTheFox\PrintMate.Terminal\PrintMate.Terminal\PrintMate.Terminal.csproj]
C:\Users\User\source\repos\inTheFox\PrintMate.Terminal\PrintMate.Terminal\ViewModels\Configure\ConfigureParametersViewModels\ConfigureParametersLasersViewModel.cs(296,21): warning CS4014: Поскольку этот вызов не ожидается, выполнение текущего метода продолжается до завершения вызова. Попробуйте применить оператор await к результату вызова. [C:\Users\User\source\repos\inTheFox\PrintMate.Terminal\PrintMate.Terminal\PrintMate.Terminal.csproj]
C:\Users\User\source\repos\inTheFox\PrintMate.Terminal\PrintMate.Terminal\ViewModels\Configure\ConfigureParametersViewModels\ConfigureParametersLasersViewModel.cs(303,17): warning CS4014: Поскольку этот вызов не ожидается, выполнение текущего метода продолжается до завершения вызова. Попробуйте применить оператор await к результату вызова. [C:\Users\User\source\repos\inTheFox\PrintMate.Terminal\PrintMate.Terminal\PrintMate.Terminal.csproj]
C:\Users\User\source\repos\inTheFox\PrintMate.Terminal\PrintMate.Terminal\Services\LoggerService.cs(47,29): warning CS4014: Поскольку этот вызов не ожидается, выполнение текущего метода продолжается до завершения вызова. Попробуйте применить оператор await к результату вызова. [C:\Users\User\source\repos\inTheFox\PrintMate.Terminal\PrintMate.Terminal\PrintMate.Terminal.csproj]
C:\Users\User\source\repos\inTheFox\PrintMate.Terminal\PrintMate.Terminal\Views\Modals\AddProjectModalContainer.xaml.cs(76,13): warning CS4014: Поскольку этот вызов не ожидается, выполнение текущего метода продолжается до завершения вызова. Попробуйте применить оператор await к результату вызова. [C:\Users\User\source\repos\inTheFox\PrintMate.Terminal\PrintMate.Terminal\PrintMate.Terminal.csproj]
C:\Users\User\source\repos\inTheFox\PrintMate.Terminal\PrintMate.Terminal\Services\PingObserver.cs(61,25): warning CS4014: Поскольку этот вызов не ожидается, выполнение текущего метода продолжается до завершения вызова. Попробуйте применить оператор await к результату вызова. [C:\Users\User\source\repos\inTheFox\PrintMate.Terminal\PrintMate.Terminal\PrintMate.Terminal.csproj]
C:\Users\User\source\repos\inTheFox\PrintMate.Terminal\PrintMate.Terminal\Services\PingObserver.cs(45,13): warning CS4014: Поскольку этот вызов не ожидается, выполнение текущего метода продолжается до завершения вызова. Попробуйте применить оператор await к результату вызова. [C:\Users\User\source\repos\inTheFox\PrintMate.Terminal\PrintMate.Terminal\PrintMate.Terminal.csproj]
C:\Users\User\source\repos\inTheFox\PrintMate.Terminal\PrintMate.Terminal\Opc\LogicControllerObserverProxy.cs(94,42): warning CS0168: Переменная "e" объявлена, но ни разу не использована. [C:\Users\User\source\repos\inTheFox\PrintMate.Terminal\PrintMate.Terminal\PrintMate.Terminal.csproj]
C:\Users\User\source\repos\inTheFox\PrintMate.Terminal\PrintMate.Terminal\ViewModels\PagesViewModels\Layer3DViewModel.cs(321,20): warning CS0219: Переменной "halfSize" присвоено значение, но оно ни разу не использовано. [C:\Users\User\source\repos\inTheFox\PrintMate.Terminal\PrintMate.Terminal\PrintMate.Terminal.csproj]
C:\Users\User\source\repos\inTheFox\PrintMate.Terminal\PrintMate.Terminal\Services\PrintService.cs(110,21): warning CS4014: Поскольку этот вызов не ожидается, выполнение текущего метода продолжается до завершения вызова. Попробуйте применить оператор await к результату вызова. [C:\Users\User\source\repos\inTheFox\PrintMate.Terminal\PrintMate.Terminal\PrintMate.Terminal.csproj]
C:\Users\User\source\repos\inTheFox\PrintMate.Terminal\PrintMate.Terminal\ViewModels\PagesViewModels\ProjectViewer3DViewModel.cs(335,17): warning CS4014: Поскольку этот вызов не ожидается, выполнение текущего метода продолжается до завершения вызова. Попробуйте применить оператор await к результату вызова. [C:\Users\User\source\repos\inTheFox\PrintMate.Terminal\PrintMate.Terminal\PrintMate.Terminal.csproj]
C:\Users\User\source\repos\inTheFox\PrintMate.Terminal\PrintMate.Terminal\Services\PrintService.cs(253,17): warning CS4014: Поскольку этот вызов не ожидается, выполнение текущего метода продолжается до завершения вызова. Попробуйте применить оператор await к результату вызова. [C:\Users\User\source\repos\inTheFox\PrintMate.Terminal\PrintMate.Terminal\PrintMate.Terminal.csproj]
C:\Users\User\source\repos\inTheFox\PrintMate.Terminal\PrintMate.Terminal\Services\PrintService.cs(303,25): warning CS0162: Обнаружен недостижимый код [C:\Users\User\source\repos\inTheFox\PrintMate.Terminal\PrintMate.Terminal\PrintMate.Terminal.csproj]
C:\Users\User\source\repos\inTheFox\PrintMate.Terminal\PrintMate.Terminal\Services\PrintService.cs(319,17): warning CS4014: Поскольку этот вызов не ожидается, выполнение текущего метода продолжается до завершения вызова. Попробуйте применить оператор await к результату вызова. [C:\Users\User\source\repos\inTheFox\PrintMate.Terminal\PrintMate.Terminal\PrintMate.Terminal.csproj]
C:\Users\User\source\repos\inTheFox\PrintMate.Terminal\PrintMate.Terminal\ViewModels\ModalsViewModels\DirectoryPickerControlViewModel.cs(217,30): warning CS0168: Переменная "e" объявлена, но ни разу не использована. [C:\Users\User\source\repos\inTheFox\PrintMate.Terminal\PrintMate.Terminal\PrintMate.Terminal.csproj]
C:\Users\User\source\repos\inTheFox\PrintMate.Terminal\PrintMate.Terminal\ViewModels\ModalsViewModels\ProjectDirectoryPickerViewModel.cs(220,30): warning CS0168: Переменная "e" объявлена, но ни разу не использована. [C:\Users\User\source\repos\inTheFox\PrintMate.Terminal\PrintMate.Terminal\PrintMate.Terminal.csproj]
C:\Users\User\source\repos\inTheFox\PrintMate.Terminal\PrintMate.Terminal\Services\PrintService.cs(506,13): warning CS4014: Поскольку этот вызов не ожидается, выполнение текущего метода продолжается до завершения вызова. Попробуйте применить оператор await к результату вызова. [C:\Users\User\source\repos\inTheFox\PrintMate.Terminal\PrintMate.Terminal\PrintMate.Terminal.csproj]
C:\Users\User\source\repos\inTheFox\PrintMate.Terminal\PrintMate.Terminal\ViewModels\PrintPageViewModel.cs(420,17): warning CS4014: Поскольку этот вызов не ожидается, выполнение текущего метода продолжается до завершения вызова. Попробуйте применить оператор await к результату вызова. [C:\Users\User\source\repos\inTheFox\PrintMate.Terminal\PrintMate.Terminal\PrintMate.Terminal.csproj]
C:\Users\User\source\repos\inTheFox\PrintMate.Terminal\PrintMate.Terminal\ViewModels\ProjectPreviewViewModel.cs(425,37): warning CS0618: "SKPaint.FilterQuality" является устаревшим: 'Use SKSamplingOptions instead.' [C:\Users\User\source\repos\inTheFox\PrintMate.Terminal\PrintMate.Terminal\PrintMate.Terminal.csproj]
C:\Users\User\source\repos\inTheFox\PrintMate.Terminal\PrintMate.Terminal\ViewModels\ProjectPreviewViewModel.cs(425,59): warning CS0618: "SKFilterQuality" является устаревшим: 'Use SKSamplingOptions instead.' [C:\Users\User\source\repos\inTheFox\PrintMate.Terminal\PrintMate.Terminal\PrintMate.Terminal.csproj]
C:\Users\User\source\repos\inTheFox\PrintMate.Terminal\PrintMate.Terminal\ViewModels\ProjectPreviewViewModel.cs(553,37): warning CS0618: "SKPaint.FilterQuality" является устаревшим: 'Use SKSamplingOptions instead.' [C:\Users\User\source\repos\inTheFox\PrintMate.Terminal\PrintMate.Terminal\PrintMate.Terminal.csproj]
C:\Users\User\source\repos\inTheFox\PrintMate.Terminal\PrintMate.Terminal\ViewModels\ProjectPreviewViewModel.cs(553,59): warning CS0618: "SKFilterQuality" является устаревшим: 'Use SKSamplingOptions instead.' [C:\Users\User\source\repos\inTheFox\PrintMate.Terminal\PrintMate.Terminal\PrintMate.Terminal.csproj]
C:\Users\User\source\repos\inTheFox\PrintMate.Terminal\PrintMate.Terminal\Services\PrintService.cs(655,33): warning CS0162: Обнаружен недостижимый код [C:\Users\User\source\repos\inTheFox\PrintMate.Terminal\PrintMate.Terminal\PrintMate.Terminal.csproj]
C:\Users\User\source\repos\inTheFox\PrintMate.Terminal\PrintMate.Terminal\Services\ProjectManager.cs(95,13): warning CS4014: Поскольку этот вызов не ожидается, выполнение текущего метода продолжается до завершения вызова. Попробуйте применить оператор await к результату вызова. [C:\Users\User\source\repos\inTheFox\PrintMate.Terminal\PrintMate.Terminal\PrintMate.Terminal.csproj]
C:\Users\User\source\repos\inTheFox\PrintMate.Terminal\PrintMate.Terminal\ViewModels\PagesViewModels\ProjectViewer3DViewModel.cs(269,39): warning CS0169: Поле "ProjectViewer3DViewModel._modalService" никогда не используется. [C:\Users\User\source\repos\inTheFox\PrintMate.Terminal\PrintMate.Terminal\PrintMate.Terminal.csproj]
C:\Users\User\source\repos\inTheFox\PrintMate.Terminal\PrintMate.Terminal\Controls\VeldridLayerRenderer.cs(72,25): warning CS0169: Поле "VeldridLayerRenderer._offscreenTexture" никогда не используется. [C:\Users\User\source\repos\inTheFox\PrintMate.Terminal\PrintMate.Terminal\PrintMate.Terminal.csproj]
C:\Users\User\source\repos\inTheFox\PrintMate.Terminal\PrintMate.Terminal\ViewModels\ManualAxesControlViewModel.cs(45,21): warning CS0169: Поле "ManualAxesControlViewModel._preRecounterPosition" никогда не используется. [C:\Users\User\source\repos\inTheFox\PrintMate.Terminal\PrintMate.Terminal\PrintMate.Terminal.csproj]
C:\Users\User\source\repos\inTheFox\PrintMate.Terminal\PrintMate.Terminal\Views\Configure\ConfigureParametersViews\ConfigureParametersCamera.xaml.cs(39,36): warning CS0169: Поле "ConfigureParametersCamera._videoSource" никогда не используется. [C:\Users\User\source\repos\inTheFox\PrintMate.Terminal\PrintMate.Terminal\PrintMate.Terminal.csproj]
C:\Users\User\source\repos\inTheFox\PrintMate.Terminal\PrintMate.Terminal\Controls\VeldridLayerRenderer.cs(73,25): warning CS0169: Поле "VeldridLayerRenderer._depthTexture" никогда не используется. [C:\Users\User\source\repos\inTheFox\PrintMate.Terminal\PrintMate.Terminal\PrintMate.Terminal.csproj]
C:\Users\User\source\repos\inTheFox\PrintMate.Terminal\PrintMate.Terminal\ViewModels\IndicatorDecimalViewModel.cs(93,27): warning CS0169: Поле "IndicatorDecimalViewModel._commandId" никогда не используется. [C:\Users\User\source\repos\inTheFox\PrintMate.Terminal\PrintMate.Terminal\PrintMate.Terminal.csproj]
C:\Users\User\source\repos\inTheFox\PrintMate.Terminal\PrintMate.Terminal\ViewModels\Configure\ConfigureParametersViewModels\ConfigureParametersPlcViewModel.cs(41,21): warning CS0169: Поле "ConfigureParametersPlcViewModel._test" никогда не используется. [C:\Users\User\source\repos\inTheFox\PrintMate.Terminal\PrintMate.Terminal\PrintMate.Terminal.csproj]
C:\Users\User\source\repos\inTheFox\PrintMate.Terminal\PrintMate.Terminal\ViewModels\PrintPageViewModel.cs(308,39): warning CS0169: Поле "PrintPageViewModel._modalService" никогда не используется. [C:\Users\User\source\repos\inTheFox\PrintMate.Terminal\PrintMate.Terminal\PrintMate.Terminal.csproj]
C:\Users\User\source\repos\inTheFox\PrintMate.Terminal\PrintMate.Terminal\Parsers\CliParser\CliProvider.cs(33,37): warning CS0067: Событие "CliProvider.ParseError" никогда не используется. [C:\Users\User\source\repos\inTheFox\PrintMate.Terminal\PrintMate.Terminal\PrintMate.Terminal.csproj]
C:\Users\User\source\repos\inTheFox\PrintMate.Terminal\PrintMate.Terminal\ViewModels\ManualAxesControlViewModel.cs(48,51): warning CS0169: Поле "ManualAxesControlViewModel._logicControllerProvider" никогда не используется. [C:\Users\User\source\repos\inTheFox\PrintMate.Terminal\PrintMate.Terminal\PrintMate.Terminal.csproj]
C:\Users\User\source\repos\inTheFox\PrintMate.Terminal\PrintMate.Terminal\Views\Keyboard.xaml.cs(58,25): warning CS0169: Поле "Keyboard.activeTextBox" никогда не используется. [C:\Users\User\source\repos\inTheFox\PrintMate.Terminal\PrintMate.Terminal\PrintMate.Terminal.csproj]
C:\Users\User\source\repos\inTheFox\PrintMate.Terminal\PrintMate.Terminal\Controls\VeldridLayerRenderer.cs(71,29): warning CS0169: Поле "VeldridLayerRenderer._framebuffer" никогда не используется. [C:\Users\User\source\repos\inTheFox\PrintMate.Terminal\PrintMate.Terminal\PrintMate.Terminal.csproj]
C:\Users\User\source\repos\inTheFox\PrintMate.Terminal\PrintMate.Terminal\ViewModels\ProjectPreviewViewModel.cs(78,29): warning CS0067: Событие "ProjectPreviewViewModel.PathsUpdated" никогда не используется. [C:\Users\User\source\repos\inTheFox\PrintMate.Terminal\PrintMate.Terminal\PrintMate.Terminal.csproj]
C:\Users\User\source\repos\inTheFox\PrintMate.Terminal\PrintMate.Terminal\ViewModels\ModalsViewModels\AddRoleFormViewModel.cs(80,30): warning CS0169: Поле "AddRoleFormViewModel._closeCommand" никогда не используется. [C:\Users\User\source\repos\inTheFox\PrintMate.Terminal\PrintMate.Terminal\PrintMate.Terminal.csproj]
C:\Users\User\source\repos\inTheFox\PrintMate.Terminal\PrintMate.Terminal\Controls\DX11ViewportControl.xaml.cs(72,25): warning CS0169: Поле "DX11ViewportControl._platformShadowMesh" никогда не используется. [C:\Users\User\source\repos\inTheFox\PrintMate.Terminal\PrintMate.Terminal\PrintMate.Terminal.csproj]
C:\Users\User\source\repos\inTheFox\PrintMate.Terminal\PrintMate.Terminal\ViewModels\PagesViewModels\ProjectViewer3DViewModel.cs(42,22): warning CS0169: Поле "ProjectViewer3DViewModel._isSimulating" никогда не используется. [C:\Users\User\source\repos\inTheFox\PrintMate.Terminal\PrintMate.Terminal\PrintMate.Terminal.csproj]
C:\Users\User\source\repos\inTheFox\PrintMate.Terminal\PrintMate.Terminal\ViewModels\PrintPageViewModel.cs(41,22): warning CS0169: Поле "PrintPageViewModel._isSimulating" никогда не используется. [C:\Users\User\source\repos\inTheFox\PrintMate.Terminal\PrintMate.Terminal\PrintMate.Terminal.csproj]
C:\Users\User\source\repos\inTheFox\PrintMate.Terminal\PrintMate.Terminal\Views\Configure\ConfigureParametersViews\ConfigureParametersCamera.xaml.cs(38,38): warning CS0169: Поле "ConfigureParametersCamera._videoDevices" никогда не используется. [C:\Users\User\source\repos\inTheFox\PrintMate.Terminal\PrintMate.Terminal\PrintMate.Terminal.csproj]
C:\Users\User\source\repos\inTheFox\PrintMate.Terminal\PrintMate.Terminal\Views\ManualAxesControl.xaml.cs(35,21): warning CS0414: Полю "ManualAxesControl._currentRecouterPosition" присвоено значение, но оно ни разу не использовано. [C:\Users\User\source\repos\inTheFox\PrintMate.Terminal\PrintMate.Terminal\PrintMate.Terminal.csproj]
C:\Users\User\source\repos\inTheFox\PrintMate.Terminal\PrintMate.Terminal\Services\PrintService.cs(78,22): warning CS0414: Полю "PrintService._printLayerStart" присвоено значение, но оно ни разу не использовано. [C:\Users\User\source\repos\inTheFox\PrintMate.Terminal\PrintMate.Terminal\PrintMate.Terminal.csproj]
C:\Users\User\source\repos\inTheFox\PrintMate.Terminal\PrintMate.Terminal\Views\Configure\ConfigureParametersViews\ConfigureParametersCamera.xaml.cs(37,21): warning CS0414: Полю "ConfigureParametersCamera._selectedCameraIndex" присвоено значение, но оно ни разу не использовано. [C:\Users\User\source\repos\inTheFox\PrintMate.Terminal\PrintMate.Terminal\PrintMate.Terminal.csproj]
C:\Users\User\source\repos\inTheFox\PrintMate.Terminal\PrintMate.Terminal\Hans\UdmBuilderJavaPort.cs(39,24): warning CS0414: Полю "UdmBuilderJavaPort._lastZCoord" присвоено значение, но оно ни разу не использовано. [C:\Users\User\source\repos\inTheFox\PrintMate.Terminal\PrintMate.Terminal\PrintMate.Terminal.csproj]
C:\Users\User\source\repos\inTheFox\PrintMate.Terminal\PrintMate.Terminal\Hans\TestUdmBuilder.cs(21,32): warning CS0414: Полю "TestUdmBuilder._currentZOffset" присвоено значение, но оно ни разу не использовано. [C:\Users\User\source\repos\inTheFox\PrintMate.Terminal\PrintMate.Terminal\PrintMate.Terminal.csproj]
C:\Users\User\source\repos\inTheFox\PrintMate.Terminal\PrintMate.Terminal\Hans\UdmBuilder.cs(22,32): warning CS0414: Полю "UdmBuilder._currentZOffset" присвоено значение, но оно ни разу не использовано. [C:\Users\User\source\repos\inTheFox\PrintMate.Terminal\PrintMate.Terminal\PrintMate.Terminal.csproj]
C:\Users\User\source\repos\inTheFox\PrintMate.Terminal\PrintMate.Terminal\Services\PrintService.cs(77,22): warning CS0414: Полю "PrintService._isDosingStarted" присвоено значение, но оно ни разу не использовано. [C:\Users\User\source\repos\inTheFox\PrintMate.Terminal\PrintMate.Terminal\PrintMate.Terminal.csproj]
C:\Users\User\source\repos\inTheFox\PrintMate.Terminal\PrintMate.Terminal\Hans\UdmBuilderJavaPort.cs(38,21): warning CS0414: Полю "UdmBuilderJavaPort._currentLayerIndex" присвоено значение, но оно ни разу не использовано. [C:\Users\User\source\repos\inTheFox\PrintMate.Terminal\PrintMate.Terminal\PrintMate.Terminal.csproj]
C:\Users\User\source\repos\inTheFox\PrintMate.Terminal\PrintMate.Terminal\ViewModels\PagesViewModels\ProjectViewer3DViewModel.cs(151,22): warning CS0414: Полю "ProjectViewer3DViewModel._lastHighlightedPartId" присвоено значение, но оно ни разу не использовано. [C:\Users\User\source\repos\inTheFox\PrintMate.Terminal\PrintMate.Terminal\PrintMate.Terminal.csproj]
C:\Users\User\source\repos\inTheFox\PrintMate.Terminal\PrintMate.Terminal\ViewModels\PrintPageViewModel.cs(160,22): warning CS0414: Полю "PrintPageViewModel._lastHighlightedPartId" присвоено значение, но оно ни разу не использовано. [C:\Users\User\source\repos\inTheFox\PrintMate.Terminal\PrintMate.Terminal\PrintMate.Terminal.csproj]
C:\Users\User\source\repos\inTheFox\PrintMate.Terminal\PrintMate.Terminal\Views\Keyboard.xaml.cs(57,22): warning CS0414: Полю "Keyboard.isRussianLayout" присвоено значение, но оно ни разу не использовано. [C:\Users\User\source\repos\inTheFox\PrintMate.Terminal\PrintMate.Terminal\PrintMate.Terminal.csproj]
  PrintMate.Terminal -> C:\Users\User\source\repos\inTheFox\PrintMate.Terminal\PrintMate.Terminal\bin\Debug\net9.0-windows7.0\PrintMate.Terminal.dll
    LoggingService.Shared -> C:\Users\User\source\repos\inTheFox\PrintMate.Terminal\LoggingService.Shared\bin\Debug\net9.0\LoggingService.Shared.dll
    LoggingService -> C:\Users\User\source\repos\inTheFox\PrintMate.Terminal\LoggingService\bin\Debug\net9.0\LoggingService.dll
    LoggingService -> C:\Users\User\source\repos\inTheFox\PrintMate.Terminal\PrintMate.Terminal\bin\Debug\net9.0-windows7.0\Services\LoggingService\
    LoggingService.Shared -> C:\Users\User\source\repos\inTheFox\PrintMate.Terminal\LoggingService.Shared\bin\Debug\net9.0\LoggingService.Shared.dll
    HansHostProvider.Shared -> C:\Users\User\source\repos\inTheFox\PrintMate.Terminal\HansHostProvider.Shared\bin\Debug\net9.0\HansHostProvider.Shared.dll
    Observer.Shared -> C:\Users\User\source\repos\inTheFox\PrintMate.Terminal\Observer.Shared\bin\Debug\net9.0\Observer.Shared.dll
    LoggingService.Client -> C:\Users\User\source\repos\inTheFox\PrintMate.Terminal\LoggingService.Client\bin\Debug\net9.0\LoggingService.Client.dll
    Hans.NET -> C:\Users\User\source\repos\inTheFox\PrintMate.Terminal\Hans.NET\bin\Debug\net8.0\Hans.NET.dll
    HansHostProvider -> C:\Users\User\source\repos\inTheFox\PrintMate.Terminal\HansHostProvider\bin\Debug\net9.0-windows\HansHostProvider.dll
    HansHostProvider -> C:\Users\User\source\repos\inTheFox\PrintMate.Terminal\PrintMate.Terminal\bin\Debug\net9.0-windows7.0\Services\HansHostProvider\
    Observer.Shared -> C:\Users\User\source\repos\inTheFox\PrintMate.Terminal\Observer.Shared\bin\Debug\net9.0\Observer.Shared.dll
    Observer -> C:\Users\User\source\repos\inTheFox\PrintMate.Terminal\Observer\bin\Debug\net9.0-windows\Observer.dll
    Observer -> C:\Users\User\source\repos\inTheFox\PrintMate.Terminal\PrintMate.Terminal\bin\Debug\net9.0-windows7.0\Services\Observer\

Сборка успешно завершена.

C:\Users\User\source\repos\inTheFox\PrintMate.Terminal\PrintMate.Terminal\PrintMate.Terminal.csproj : warning NU1701: Пакет "AForge 2.2.5" был восстановлен с помощью ".NETFramework,Version=v4.6.1, .NETFramework,Version=v4.6.2, .NETFramework,Version=v4.7, .NETFramework,Version=v4.7.1, .NETFramework,Version=v4.7.2, .NETFramework,Version=v4.8, .NETFramework,Version=v4.8.1", а не целевой платформы проекта "net9.0-windows7.0". Этот пакет может быть не полностью совместим с вашим проектом.
C:\Users\User\source\repos\inTheFox\PrintMate.Terminal\PrintMate.Terminal\PrintMate.Terminal.csproj : warning NU1701: Пакет "AForge.Video 2.2.5" был восстановлен с помощью ".NETFramework,Version=v4.6.1, .NETFramework,Version=v4.6.2, .NETFramework,Version=v4.7, .NETFramework,Version=v4.7.1, .NETFramework,Version=v4.7.2, .NETFramework,Version=v4.8, .NETFramework,Version=v4.8.1", а не целевой платформы проекта "net9.0-windows7.0". Этот пакет может быть не полностью совместим с вашим проектом.
C:\Users\User\source\repos\inTheFox\PrintMate.Terminal\PrintMate.Terminal\PrintMate.Terminal.csproj : warning NU1701: Пакет "AForge.Video.DirectShow 2.2.5" был восстановлен с помощью ".NETFramework,Version=v4.6.1, .NETFramework,Version=v4.6.2, .NETFramework,Version=v4.7, .NETFramework,Version=v4.7.1, .NETFramework,Version=v4.7.2, .NETFramework,Version=v4.8, .NETFramework,Version=v4.8.1", а не целевой платформы проекта "net9.0-windows7.0". Этот пакет может быть не полностью совместим с вашим проектом.
C:\Users\User\source\repos\inTheFox\PrintMate.Terminal\PrintMate.Terminal\PrintMate.Terminal.csproj : warning NU1701: Пакет "OpenTK 3.3.1" был восстановлен с помощью ".NETFramework,Version=v4.6.1, .NETFramework,Version=v4.6.2, .NETFramework,Version=v4.7, .NETFramework,Version=v4.7.1, .NETFramework,Version=v4.7.2, .NETFramework,Version=v4.8, .NETFramework,Version=v4.8.1", а не целевой платформы проекта "net9.0-windows7.0". Этот пакет может быть не полностью совместим с вашим проектом.
C:\Users\User\source\repos\inTheFox\PrintMate.Terminal\PrintMate.Terminal\PrintMate.Terminal.csproj : warning NU1701: Пакет "OpenTK.GLWpfControl 3.3.0" был восстановлен с помощью ".NETFramework,Version=v4.6.1, .NETFramework,Version=v4.6.2, .NETFramework,Version=v4.7, .NETFramework,Version=v4.7.1, .NETFramework,Version=v4.7.2, .NETFramework,Version=v4.8, .NETFramework,Version=v4.8.1", а не целевой платформы проекта "net9.0-windows7.0". Этот пакет может быть не полностью совместим с вашим проектом.
C:\Users\User\source\repos\inTheFox\PrintMate.Terminal\PrintMate.Terminal\PrintMate.Terminal.csproj : warning NU1701: Пакет "SkiaSharp.Views.WPF 3.116.1" был восстановлен с помощью ".NETFramework,Version=v4.6.1, .NETFramework,Version=v4.6.2, .NETFramework,Version=v4.7, .NETFramework,Version=v4.7.1, .NETFramework,Version=v4.7.2, .NETFramework,Version=v4.8, .NETFramework,Version=v4.8.1", а не целевой платформы проекта "net9.0-windows7.0". Этот пакет может быть не полностью совместим с вашим проектом.
C:\Users\User\source\repos\inTheFox\PrintMate.Terminal\PrintSpectator.Shared\Models\LayerState.cs(24,37): warning CS8618: свойство "Session", не допускающий значения NULL, должен содержать значение, отличное от NULL, при выходе из конструктора. Рассмотрите возможность добавления модификатора "required" или объявления значения свойство, допускающего значение NULL. [C:\Users\User\source\repos\inTheFox\PrintMate.Terminal\PrintSpectator.Shared\PrintSpectator.Shared.csproj]
C:\Users\User\source\repos\inTheFox\PrintMate.Terminal\PrintSpectator.Shared\Models\PrintSession.cs(22,23): warning CS8618: свойство "ProjectName", не допускающий значения NULL, должен содержать значение, отличное от NULL, при выходе из конструктора. Рассмотрите возможность добавления модификатора "required" или объявления значения свойство, допускающего значение NULL. [C:\Users\User\source\repos\inTheFox\PrintMate.Terminal\PrintSpectator.Shared\PrintSpectator.Shared.csproj]
C:\Users\User\source\repos\inTheFox\PrintMate.Terminal\PrintSpectator.Shared\Models\PrintSession.cs(57,23): warning CS8618: свойство "UserName", не допускающий значения NULL, должен содержать значение, отличное от NULL, при выходе из конструктора. Рассмотрите возможность добавления модификатора "required" или объявления значения свойство, допускающего значение NULL. [C:\Users\User\source\repos\inTheFox\PrintMate.Terminal\PrintSpectator.Shared\PrintSpectator.Shared.csproj]
C:\Users\User\source\repos\inTheFox\PrintMate.Terminal\PrintMate.Terminal\PrintMate.Terminal_a2fnkli1_wpftmp.csproj : warning NU1701: Пакет "AForge 2.2.5" был восстановлен с помощью ".NETFramework,Version=v4.6.1, .NETFramework,Version=v4.6.2, .NETFramework,Version=v4.7, .NETFramework,Version=v4.7.1, .NETFramework,Version=v4.7.2, .NETFramework,Version=v4.8, .NETFramework,Version=v4.8.1", а не целевой платформы проекта "net9.0-windows7.0". Этот пакет может быть не полностью совместим с вашим проектом.
C:\Users\User\source\repos\inTheFox\PrintMate.Terminal\PrintMate.Terminal\PrintMate.Terminal_a2fnkli1_wpftmp.csproj : warning NU1701: Пакет "AForge.Video 2.2.5" был восстановлен с помощью ".NETFramework,Version=v4.6.1, .NETFramework,Version=v4.6.2, .NETFramework,Version=v4.7, .NETFramework,Version=v4.7.1, .NETFramework,Version=v4.7.2, .NETFramework,Version=v4.8, .NETFramework,Version=v4.8.1", а не целевой платформы проекта "net9.0-windows7.0". Этот пакет может быть не полностью совместим с вашим проектом.
C:\Users\User\source\repos\inTheFox\PrintMate.Terminal\PrintMate.Terminal\PrintMate.Terminal_a2fnkli1_wpftmp.csproj : warning NU1701: Пакет "AForge.Video.DirectShow 2.2.5" был восстановлен с помощью ".NETFramework,Version=v4.6.1, .NETFramework,Version=v4.6.2, .NETFramework,Version=v4.7, .NETFramework,Version=v4.7.1, .NETFramework,Version=v4.7.2, .NETFramework,Version=v4.8, .NETFramework,Version=v4.8.1", а не целевой платформы проекта "net9.0-windows7.0". Этот пакет может быть не полностью совместим с вашим проектом.
C:\Users\User\source\repos\inTheFox\PrintMate.Terminal\PrintMate.Terminal\PrintMate.Terminal_a2fnkli1_wpftmp.csproj : warning NU1701: Пакет "OpenTK 3.3.1" был восстановлен с помощью ".NETFramework,Version=v4.6.1, .NETFramework,Version=v4.6.2, .NETFramework,Version=v4.7, .NETFramework,Version=v4.7.1, .NETFramework,Version=v4.7.2, .NETFramework,Version=v4.8, .NETFramework,Version=v4.8.1", а не целевой платформы проекта "net9.0-windows7.0". Этот пакет может быть не полностью совместим с вашим проектом.
C:\Users\User\source\repos\inTheFox\PrintMate.Terminal\PrintMate.Terminal\PrintMate.Terminal_a2fnkli1_wpftmp.csproj : warning NU1701: Пакет "OpenTK.GLWpfControl 3.3.0" был восстановлен с помощью ".NETFramework,Version=v4.6.1, .NETFramework,Version=v4.6.2, .NETFramework,Version=v4.7, .NETFramework,Version=v4.7.1, .NETFramework,Version=v4.7.2, .NETFramework,Version=v4.8, .NETFramework,Version=v4.8.1", а не целевой платформы проекта "net9.0-windows7.0". Этот пакет может быть не полностью совместим с вашим проектом.
C:\Users\User\source\repos\inTheFox\PrintMate.Terminal\PrintMate.Terminal\PrintMate.Terminal_a2fnkli1_wpftmp.csproj : warning NU1701: Пакет "SkiaSharp.Views.WPF 3.116.1" был восстановлен с помощью ".NETFramework,Version=v4.6.1, .NETFramework,Version=v4.6.2, .NETFramework,Version=v4.7, .NETFramework,Version=v4.7.1, .NETFramework,Version=v4.7.2, .NETFramework,Version=v4.8, .NETFramework,Version=v4.8.1", а не целевой платформы проекта "net9.0-windows7.0". Этот пакет может быть не полностью совместим с вашим проектом.
C:\Users\User\source\repos\inTheFox\PrintMate.Terminal\PrintMate.Terminal\Services\PingService.cs(6,7): warning CS0105: Директива using для "System" ранее встречалась в этом пространстве имен [C:\Users\User\source\repos\inTheFox\PrintMate.Terminal\PrintMate.Terminal\PrintMate.Terminal_a2fnkli1_wpftmp.csproj]
C:\Users\User\source\repos\inTheFox\PrintMate.Terminal\PrintMate.Terminal\Services\PingService.cs(8,7): warning CS0105: Директива using для "System.Threading.Tasks" ранее встречалась в этом пространстве имен [C:\Users\User\source\repos\inTheFox\PrintMate.Terminal\PrintMate.Terminal\PrintMate.Terminal_a2fnkli1_wpftmp.csproj]
C:\Users\User\source\repos\inTheFox\PrintMate.Terminal\PrintMate.Terminal\Hans\ScanatorConfigurationLoader.cs(19,50): warning CS8632: Аннотацию для ссылочных типов, допускающих значения NULL, следует использовать в коде только в контексте аннотаций "#nullable". [C:\Users\User\source\repos\inTheFox\PrintMate.Terminal\PrintMate.Terminal\PrintMate.Terminal_a2fnkli1_wpftmp.csproj]
C:\Users\User\source\repos\inTheFox\PrintMate.Terminal\PrintMate.Terminal\Hans\MultiScanatorSystemProxy.cs(38,47): warning CS8632: Аннотацию для ссылочных типов, допускающих значения NULL, следует использовать в коде только в контексте аннотаций "#nullable". [C:\Users\User\source\repos\inTheFox\PrintMate.Terminal\PrintMate.Terminal\PrintMate.Terminal_a2fnkli1_wpftmp.csproj]
C:\Users\User\source\repos\inTheFox\PrintMate.Terminal\PrintMate.Terminal\AppConfiguration\ScannerSettings.cs(292,37): warning CS8632: Аннотацию для ссылочных типов, допускающих значения NULL, следует использовать в коде только в контексте аннотаций "#nullable". [C:\Users\User\source\repos\inTheFox\PrintMate.Terminal\PrintMate.Terminal\PrintMate.Terminal_a2fnkli1_wpftmp.csproj]
C:\Users\User\source\repos\inTheFox\PrintMate.Terminal\PrintMate.Terminal\AppConfiguration\ScannerSettings.cs(297,37): warning CS8632: Аннотацию для ссылочных типов, допускающих значения NULL, следует использовать в коде только в контексте аннотаций "#nullable". [C:\Users\User\source\repos\inTheFox\PrintMate.Terminal\PrintMate.Terminal\PrintMate.Terminal_a2fnkli1_wpftmp.csproj]
C:\Users\User\source\repos\inTheFox\PrintMate.Terminal\PrintMate.Terminal\ConfigurationSystem\Core\ConfigurationManager.cs(393,46): warning CS8632: Аннотацию для ссылочных типов, допускающих значения NULL, следует использовать в коде только в контексте аннотаций "#nullable". [C:\Users\User\source\repos\inTheFox\PrintMate.Terminal\PrintMate.Terminal\PrintMate.Terminal_a2fnkli1_wpftmp.csproj]
C:\Users\User\source\repos\inTheFox\PrintMate.Terminal\PrintMate.Terminal\Hans\ScanatorProxyClient.cs(595,65): warning CS8632: Аннотацию для ссылочных типов, допускающих значения NULL, следует использовать в коде только в контексте аннотаций "#nullable". [C:\Users\User\source\repos\inTheFox\PrintMate.Terminal\PrintMate.Terminal\PrintMate.Terminal_a2fnkli1_wpftmp.csproj]
C:\Users\User\source\repos\inTheFox\PrintMate.Terminal\PrintMate.Terminal\ConfigurationSystem\Core\ConfigurationManager.cs(409,21): warning CS8632: Аннотацию для ссылочных типов, допускающих значения NULL, следует использовать в коде только в контексте аннотаций "#nullable". [C:\Users\User\source\repos\inTheFox\PrintMate.Terminal\PrintMate.Terminal\PrintMate.Terminal_a2fnkli1_wpftmp.csproj]
C:\Users\User\source\repos\inTheFox\PrintMate.Terminal\PrintMate.Terminal\Hans\MultiScanatorSystemProxy.cs(171,70): warning CS8632: Аннотацию для ссылочных типов, допускающих значения NULL, следует использовать в коде только в контексте аннотаций "#nullable". [C:\Users\User\source\repos\inTheFox\PrintMate.Terminal\PrintMate.Terminal\PrintMate.Terminal_a2fnkli1_wpftmp.csproj]
C:\Users\User\source\repos\inTheFox\PrintMate.Terminal\PrintMate.Terminal\Hans\MultiScanatorSystemProxy.cs(221,35): warning CS8632: Аннотацию для ссылочных типов, допускающих значения NULL, следует использовать в коде только в контексте аннотаций "#nullable". [C:\Users\User\source\repos\inTheFox\PrintMate.Terminal\PrintMate.Terminal\PrintMate.Terminal_a2fnkli1_wpftmp.csproj]
C:\Users\User\source\repos\inTheFox\PrintMate.Terminal\PrintMate.Terminal\Parsers\CliParser\CliProvider.cs(562,26): warning CS8632: Аннотацию для ссылочных типов, допускающих значения NULL, следует использовать в коде только в контексте аннотаций "#nullable". [C:\Users\User\source\repos\inTheFox\PrintMate.Terminal\PrintMate.Terminal\PrintMate.Terminal_a2fnkli1_wpftmp.csproj]
C:\Users\User\source\repos\inTheFox\PrintMate.Terminal\PrintMate.Terminal\ConfigurationSystem\Core\ConfigurationManager.cs(46,66): warning CS8632: Аннотацию для ссылочных типов, допускающих значения NULL, следует использовать в коде только в контексте аннотаций "#nullable". [C:\Users\User\source\repos\inTheFox\PrintMate.Terminal\PrintMate.Terminal\PrintMate.Terminal_a2fnkli1_wpftmp.csproj]
C:\Users\User\source\repos\inTheFox\PrintMate.Terminal\PrintMate.Terminal\Migrations\20251109180048_first.cs(8,26): warning CS8981: Имя типа "first" содержит только строчные символы ASCII. Такие имена могут резервироваться для языка. [C:\Users\User\source\repos\inTheFox\PrintMate.Terminal\PrintMate.Terminal\PrintMate.Terminal_a2fnkli1_wpftmp.csproj]
C:\Users\User\source\repos\inTheFox\PrintMate.Terminal\PrintMate.Terminal\Migrations\20251109180048_first.Designer.cs(14,19): warning CS8981: Имя типа "first" содержит только строчные символы ASCII. Такие имена могут резервироваться для языка. [C:\Users\User\source\repos\inTheFox\PrintMate.Terminal\PrintMate.Terminal\PrintMate.Terminal_a2fnkli1_wpftmp.csproj]
C:\Users\User\source\repos\inTheFox\PrintMate.Terminal\PrintMate.Terminal\Parsers\Shared\Models\Data.cs(32,17): warning CS8632: Аннотацию для ссылочных типов, допускающих значения NULL, следует использовать в коде только в контексте аннотаций "#nullable". [C:\Users\User\source\repos\inTheFox\PrintMate.Terminal\PrintMate.Terminal\PrintMate.Terminal_a2fnkli1_wpftmp.csproj]
C:\Users\User\source\repos\inTheFox\PrintMate.Terminal\PrintMate.Terminal\Migrations\20251110063726_fbwkbfwbnfkjnewjkf.cs(8,26): warning CS8981: Имя типа "fbwkbfwbnfkjnewjkf" содержит только строчные символы ASCII. Такие имена могут резервироваться для языка. [C:\Users\User\source\repos\inTheFox\PrintMate.Terminal\PrintMate.Terminal\PrintMate.Terminal_a2fnkli1_wpftmp.csproj]
C:\Users\User\source\repos\inTheFox\PrintMate.Terminal\PrintMate.Terminal\Migrations\20251110063726_fbwkbfwbnfkjnewjkf.Designer.cs(14,19): warning CS8981: Имя типа "fbwkbfwbnfkjnewjkf" содержит только строчные символы ASCII. Такие имена могут резервироваться для языка. [C:\Users\User\source\repos\inTheFox\PrintMate.Terminal\PrintMate.Terminal\PrintMate.Terminal_a2fnkli1_wpftmp.csproj]
C:\Users\User\source\repos\inTheFox\PrintMate.Terminal\PrintMate.Terminal\Migrations\20251110104117_fnwnfjkwenfkjwenkj.cs(8,26): warning CS8981: Имя типа "fnwnfjkwenfkjwenkj" содержит только строчные символы ASCII. Такие имена могут резервироваться для языка. [C:\Users\User\source\repos\inTheFox\PrintMate.Terminal\PrintMate.Terminal\PrintMate.Terminal_a2fnkli1_wpftmp.csproj]
C:\Users\User\source\repos\inTheFox\PrintMate.Terminal\PrintMate.Terminal\Migrations\20251110104117_fnwnfjkwenfkjwenkj.Designer.cs(14,19): warning CS8981: Имя типа "fnwnfjkwenfkjwenkj" содержит только строчные символы ASCII. Такие имена могут резервироваться для языка. [C:\Users\User\source\repos\inTheFox\PrintMate.Terminal\PrintMate.Terminal\PrintMate.Terminal_a2fnkli1_wpftmp.csproj]
C:\Users\User\source\repos\inTheFox\PrintMate.Terminal\PrintMate.Terminal\Parsers\Shared\Models\Data.cs(52,25): warning CS8632: Аннотацию для ссылочных типов, допускающих значения NULL, следует использовать в коде только в контексте аннотаций "#nullable". [C:\Users\User\source\repos\inTheFox\PrintMate.Terminal\PrintMate.Terminal\PrintMate.Terminal_a2fnkli1_wpftmp.csproj]
C:\Users\User\source\repos\inTheFox\PrintMate.Terminal\PrintMate.Terminal\Parsers\CncParser\CncProvider.cs(448,26): warning CS8632: Аннотацию для ссылочных типов, допускающих значения NULL, следует использовать в коде только в контексте аннотаций "#nullable". [C:\Users\User\source\repos\inTheFox\PrintMate.Terminal\PrintMate.Terminal\PrintMate.Terminal_a2fnkli1_wpftmp.csproj]
C:\Users\User\source\repos\inTheFox\PrintMate.Terminal\PrintMate.Terminal\Migrations\20251128035256_fjenwfnekwjfew.cs(8,26): warning CS8981: Имя типа "fjenwfnekwjfew" содержит только строчные символы ASCII. Такие имена могут резервироваться для языка. [C:\Users\User\source\repos\inTheFox\PrintMate.Terminal\PrintMate.Terminal\PrintMate.Terminal_a2fnkli1_wpftmp.csproj]
C:\Users\User\source\repos\inTheFox\PrintMate.Terminal\PrintMate.Terminal\Migrations\20251128035256_fjenwfnekwjfew.Designer.cs(15,19): warning CS8981: Имя типа "fjenwfnekwjfew" содержит только строчные символы ASCII. Такие имена могут резервироваться для языка. [C:\Users\User\source\repos\inTheFox\PrintMate.Terminal\PrintMate.Terminal\PrintMate.Terminal_a2fnkli1_wpftmp.csproj]
C:\Users\User\source\repos\inTheFox\PrintMate.Terminal\PrintMate.Terminal\Parsers\CliParser\CliProviderExtension.cs(51,27): warning CS8632: Аннотацию для ссылочных типов, допускающих значения NULL, следует использовать в коде только в контексте аннотаций "#nullable". [C:\Users\User\source\repos\inTheFox\PrintMate.Terminal\PrintMate.Terminal\PrintMate.Terminal_a2fnkli1_wpftmp.csproj]
C:\Users\User\source\repos\inTheFox\PrintMate.Terminal\PrintMate.Terminal\Parsers\Shared\Models\Project.cs(36,21): warning CS8632: Аннотацию для ссылочных типов, допускающих значения NULL, следует использовать в коде только в контексте аннотаций "#nullable". [C:\Users\User\source\repos\inTheFox\PrintMate.Terminal\PrintMate.Terminal\PrintMate.Terminal_a2fnkli1_wpftmp.csproj]
C:\Users\User\source\repos\inTheFox\PrintMate.Terminal\PrintMate.Terminal\Views\ComponentsViews\DirectoryItemComponent.xaml.cs(39,51): warning CS0108: "DirectoryItemComponent.NameProperty" скрывает наследуемый член "FrameworkElement.NameProperty". Если скрытие было намеренным, используйте ключевое слово new. [C:\Users\User\source\repos\inTheFox\PrintMate.Terminal\PrintMate.Terminal\PrintMate.Terminal_a2fnkli1_wpftmp.csproj]
C:\Users\User\source\repos\inTheFox\PrintMate.Terminal\PrintMate.Terminal\Views\ComponentsViews\DirectoryItemComponent.xaml.cs(45,26): warning CS0108: "DirectoryItemComponent.Name" скрывает наследуемый член "FrameworkElement.Name". Если скрытие было намеренным, используйте ключевое слово new. [C:\Users\User\source\repos\inTheFox\PrintMate.Terminal\PrintMate.Terminal\PrintMate.Terminal_a2fnkli1_wpftmp.csproj]
C:\Users\User\source\repos\inTheFox\PrintMate.Terminal\PrintMate.Terminal\Services\PrintService.cs(37,21): warning CS8632: Аннотацию для ссылочных типов, допускающих значения NULL, следует использовать в коде только в контексте аннотаций "#nullable". [C:\Users\User\source\repos\inTheFox\PrintMate.Terminal\PrintMate.Terminal\PrintMate.Terminal_a2fnkli1_wpftmp.csproj]
C:\Users\User\source\repos\inTheFox\PrintMate.Terminal\PrintMate.Terminal\Services\PrintSessionService.cs(295,37): warning CS8632: Аннотацию для ссылочных типов, допускающих значения NULL, следует использовать в коде только в контексте аннотаций "#nullable". [C:\Users\User\source\repos\inTheFox\PrintMate.Terminal\PrintMate.Terminal\PrintMate.Terminal_a2fnkli1_wpftmp.csproj]
C:\Users\User\source\repos\inTheFox\PrintMate.Terminal\PrintMate.Terminal\Views\Keyboard.xaml.cs(518,21): warning CS0114: "Keyboard.AddText(string)" скрывает наследуемый член "ContentControl.AddText(string)". Чтобы текущий член переопределял эту реализацию, добавьте ключевое слово override. В противном случае добавьте ключевое слово new. [C:\Users\User\source\repos\inTheFox\PrintMate.Terminal\PrintMate.Terminal\PrintMate.Terminal_a2fnkli1_wpftmp.csproj]
C:\Users\User\source\repos\inTheFox\PrintMate.Terminal\PrintMate.Terminal\ViewModels\ModalsViewModels\DirectoryPickerControlViewModel.cs(94,22): warning CS8632: Аннотацию для ссылочных типов, допускающих значения NULL, следует использовать в коде только в контексте аннотаций "#nullable". [C:\Users\User\source\repos\inTheFox\PrintMate.Terminal\PrintMate.Terminal\PrintMate.Terminal_a2fnkli1_wpftmp.csproj]
C:\Users\User\source\repos\inTheFox\PrintMate.Terminal\PrintMate.Terminal\Parsers\Shared\Models\Data.cs(32,64): warning CS8632: Аннотацию для ссылочных типов, допускающих значения NULL, следует использовать в коде только в контексте аннотаций "#nullable". [C:\Users\User\source\repos\inTheFox\PrintMate.Terminal\PrintMate.Terminal\PrintMate.Terminal_a2fnkli1_wpftmp.csproj]
C:\Users\User\source\repos\inTheFox\PrintMate.Terminal\PrintMate.Terminal\Opc\LogicControllerService.cs(75,25): warning CS4014: Поскольку этот вызов не ожидается, выполнение текущего метода продолжается до завершения вызова. Попробуйте применить оператор await к результату вызова. [C:\Users\User\source\repos\inTheFox\PrintMate.Terminal\PrintMate.Terminal\PrintMate.Terminal_a2fnkli1_wpftmp.csproj]
C:\Users\User\source\repos\inTheFox\PrintMate.Terminal\PrintMate.Terminal\Opc\LogicControllerService.cs(90,21): warning CS4014: Поскольку этот вызов не ожидается, выполнение текущего метода продолжается до завершения вызова. Попробуйте применить оператор await к результату вызова. [C:\Users\User\source\repos\inTheFox\PrintMate.Terminal\PrintMate.Terminal\PrintMate.Terminal_a2fnkli1_wpftmp.csproj]
C:\Users\User\source\repos\inTheFox\PrintMate.Terminal\PrintMate.Terminal\Opc\LogicControllerService.cs(162,30): warning CS0168: Переменная "e" объявлена, но ни разу не использована. [C:\Users\User\source\repos\inTheFox\PrintMate.Terminal\PrintMate.Terminal\PrintMate.Terminal_a2fnkli1_wpftmp.csproj]
C:\Users\User\source\repos\inTheFox\PrintMate.Terminal\PrintMate.Terminal\Opc\LogicControllerService.cs(199,25): warning CS0162: Обнаружен недостижимый код [C:\Users\User\source\repos\inTheFox\PrintMate.Terminal\PrintMate.Terminal\PrintMate.Terminal_a2fnkli1_wpftmp.csproj]
C:\Users\User\source\repos\inTheFox\PrintMate.Terminal\PrintMate.Terminal\Opc\LogicControllerService.cs(202,25): warning CS0162: Обнаружен недостижимый код [C:\Users\User\source\repos\inTheFox\PrintMate.Terminal\PrintMate.Terminal\PrintMate.Terminal_a2fnkli1_wpftmp.csproj]
C:\Users\User\source\repos\inTheFox\PrintMate.Terminal\PrintMate.Terminal\Opc\LogicControllerService.cs(205,25): warning CS0162: Обнаружен недостижимый код [C:\Users\User\source\repos\inTheFox\PrintMate.Terminal\PrintMate.Terminal\PrintMate.Terminal_a2fnkli1_wpftmp.csproj]
C:\Users\User\source\repos\inTheFox\PrintMate.Terminal\PrintMate.Terminal\Opc\LogicControllerService.cs(208,25): warning CS0162: Обнаружен недостижимый код [C:\Users\User\source\repos\inTheFox\PrintMate.Terminal\PrintMate.Terminal\PrintMate.Terminal_a2fnkli1_wpftmp.csproj]
C:\Users\User\source\repos\inTheFox\PrintMate.Terminal\PrintMate.Terminal\Opc\LogicControllerService.cs(186,30): warning CS0168: Переменная "e" объявлена, но ни разу не использована. [C:\Users\User\source\repos\inTheFox\PrintMate.Terminal\PrintMate.Terminal\PrintMate.Terminal_a2fnkli1_wpftmp.csproj]
C:\Users\User\source\repos\inTheFox\PrintMate.Terminal\PrintMate.Terminal\Parsers\CliParser\CliProvider.cs(371,22): warning CS0219: Переменной "hasData" присвоено значение, но оно ни разу не использовано. [C:\Users\User\source\repos\inTheFox\PrintMate.Terminal\PrintMate.Terminal\PrintMate.Terminal_a2fnkli1_wpftmp.csproj]
C:\Users\User\source\repos\inTheFox\PrintMate.Terminal\PrintMate.Terminal\Hans\UdmBuilder.cs(318,30): warning CS0168: Переменная "e" объявлена, но ни разу не использована. [C:\Users\User\source\repos\inTheFox\PrintMate.Terminal\PrintMate.Terminal\PrintMate.Terminal_a2fnkli1_wpftmp.csproj]
C:\Users\User\source\repos\inTheFox\PrintMate.Terminal\PrintMate.Terminal\Opc\LogicControllerObserverProxy.cs(94,42): warning CS0168: Переменная "e" объявлена, но ни разу не использована. [C:\Users\User\source\repos\inTheFox\PrintMate.Terminal\PrintMate.Terminal\PrintMate.Terminal_a2fnkli1_wpftmp.csproj]
C:\Users\User\source\repos\inTheFox\PrintMate.Terminal\PrintMate.Terminal\Services\LoggerService.cs(47,29): warning CS4014: Поскольку этот вызов не ожидается, выполнение текущего метода продолжается до завершения вызова. Попробуйте применить оператор await к результату вызова. [C:\Users\User\source\repos\inTheFox\PrintMate.Terminal\PrintMate.Terminal\PrintMate.Terminal_a2fnkli1_wpftmp.csproj]
C:\Users\User\source\repos\inTheFox\PrintMate.Terminal\PrintMate.Terminal\Rendering\CliGeometryBuilder.cs(43,26): warning CS0219: Переменной "platformThickness" присвоено значение, но оно ни разу не использовано. [C:\Users\User\source\repos\inTheFox\PrintMate.Terminal\PrintMate.Terminal\PrintMate.Terminal_a2fnkli1_wpftmp.csproj]
C:\Users\User\source\repos\inTheFox\PrintMate.Terminal\PrintMate.Terminal\Opc\LogicControllerObserver.cs(148,42): warning CS0168: Переменная "e" объявлена, но ни разу не использована. [C:\Users\User\source\repos\inTheFox\PrintMate.Terminal\PrintMate.Terminal\PrintMate.Terminal_a2fnkli1_wpftmp.csproj]
C:\Users\User\source\repos\inTheFox\PrintMate.Terminal\PrintMate.Terminal\Services\PingObserver.cs(61,25): warning CS4014: Поскольку этот вызов не ожидается, выполнение текущего метода продолжается до завершения вызова. Попробуйте применить оператор await к результату вызова. [C:\Users\User\source\repos\inTheFox\PrintMate.Terminal\PrintMate.Terminal\PrintMate.Terminal_a2fnkli1_wpftmp.csproj]
C:\Users\User\source\repos\inTheFox\PrintMate.Terminal\PrintMate.Terminal\Services\PingObserver.cs(45,13): warning CS4014: Поскольку этот вызов не ожидается, выполнение текущего метода продолжается до завершения вызова. Попробуйте применить оператор await к результату вызова. [C:\Users\User\source\repos\inTheFox\PrintMate.Terminal\PrintMate.Terminal\PrintMate.Terminal_a2fnkli1_wpftmp.csproj]
C:\Users\User\source\repos\inTheFox\PrintMate.Terminal\PrintMate.Terminal\Services\PrintService.cs(110,21): warning CS4014: Поскольку этот вызов не ожидается, выполнение текущего метода продолжается до завершения вызова. Попробуйте применить оператор await к результату вызова. [C:\Users\User\source\repos\inTheFox\PrintMate.Terminal\PrintMate.Terminal\PrintMate.Terminal_a2fnkli1_wpftmp.csproj]
C:\Users\User\source\repos\inTheFox\PrintMate.Terminal\PrintMate.Terminal\Services\PrintService.cs(253,17): warning CS4014: Поскольку этот вызов не ожидается, выполнение текущего метода продолжается до завершения вызова. Попробуйте применить оператор await к результату вызова. [C:\Users\User\source\repos\inTheFox\PrintMate.Terminal\PrintMate.Terminal\PrintMate.Terminal_a2fnkli1_wpftmp.csproj]
C:\Users\User\source\repos\inTheFox\PrintMate.Terminal\PrintMate.Terminal\Services\PrintService.cs(303,25): warning CS0162: Обнаружен недостижимый код [C:\Users\User\source\repos\inTheFox\PrintMate.Terminal\PrintMate.Terminal\PrintMate.Terminal_a2fnkli1_wpftmp.csproj]
C:\Users\User\source\repos\inTheFox\PrintMate.Terminal\PrintMate.Terminal\Services\PrintService.cs(319,17): warning CS4014: Поскольку этот вызов не ожидается, выполнение текущего метода продолжается до завершения вызова. Попробуйте применить оператор await к результату вызова. [C:\Users\User\source\repos\inTheFox\PrintMate.Terminal\PrintMate.Terminal\PrintMate.Terminal_a2fnkli1_wpftmp.csproj]
C:\Users\User\source\repos\inTheFox\PrintMate.Terminal\PrintMate.Terminal\Views\Modals\AddProjectModalContainer.xaml.cs(76,13): warning CS4014: Поскольку этот вызов не ожидается, выполнение текущего метода продолжается до завершения вызова. Попробуйте применить оператор await к результату вызова. [C:\Users\User\source\repos\inTheFox\PrintMate.Terminal\PrintMate.Terminal\PrintMate.Terminal_a2fnkli1_wpftmp.csproj]
C:\Users\User\source\repos\inTheFox\PrintMate.Terminal\PrintMate.Terminal\ViewModels\PagesViewModels\Layer3DViewModel.cs(321,20): warning CS0219: Переменной "halfSize" присвоено значение, но оно ни разу не использовано. [C:\Users\User\source\repos\inTheFox\PrintMate.Terminal\PrintMate.Terminal\PrintMate.Terminal_a2fnkli1_wpftmp.csproj]
C:\Users\User\source\repos\inTheFox\PrintMate.Terminal\PrintMate.Terminal\ViewModels\ProjectPreviewViewModel.cs(425,37): warning CS0618: "SKPaint.FilterQuality" является устаревшим: 'Use SKSamplingOptions instead.' [C:\Users\User\source\repos\inTheFox\PrintMate.Terminal\PrintMate.Terminal\PrintMate.Terminal_a2fnkli1_wpftmp.csproj]
C:\Users\User\source\repos\inTheFox\PrintMate.Terminal\PrintMate.Terminal\ViewModels\ProjectPreviewViewModel.cs(425,59): warning CS0618: "SKFilterQuality" является устаревшим: 'Use SKSamplingOptions instead.' [C:\Users\User\source\repos\inTheFox\PrintMate.Terminal\PrintMate.Terminal\PrintMate.Terminal_a2fnkli1_wpftmp.csproj]
C:\Users\User\source\repos\inTheFox\PrintMate.Terminal\PrintMate.Terminal\ViewModels\ProjectPreviewViewModel.cs(553,37): warning CS0618: "SKPaint.FilterQuality" является устаревшим: 'Use SKSamplingOptions instead.' [C:\Users\User\source\repos\inTheFox\PrintMate.Terminal\PrintMate.Terminal\PrintMate.Terminal_a2fnkli1_wpftmp.csproj]
C:\Users\User\source\repos\inTheFox\PrintMate.Terminal\PrintMate.Terminal\ViewModels\ProjectPreviewViewModel.cs(553,59): warning CS0618: "SKFilterQuality" является устаревшим: 'Use SKSamplingOptions instead.' [C:\Users\User\source\repos\inTheFox\PrintMate.Terminal\PrintMate.Terminal\PrintMate.Terminal_a2fnkli1_wpftmp.csproj]
C:\Users\User\source\repos\inTheFox\PrintMate.Terminal\PrintMate.Terminal\Services\PrintService.cs(506,13): warning CS4014: Поскольку этот вызов не ожидается, выполнение текущего метода продолжается до завершения вызова. Попробуйте применить оператор await к результату вызова. [C:\Users\User\source\repos\inTheFox\PrintMate.Terminal\PrintMate.Terminal\PrintMate.Terminal_a2fnkli1_wpftmp.csproj]
C:\Users\User\source\repos\inTheFox\PrintMate.Terminal\PrintMate.Terminal\ViewModels\Configure\ConfigureParametersViewModels\ConfigureParametersLasersViewModel.cs(206,9): warning CS4014: Поскольку этот вызов не ожидается, выполнение текущего метода продолжается до завершения вызова. Попробуйте применить оператор await к результату вызова. [C:\Users\User\source\repos\inTheFox\PrintMate.Terminal\PrintMate.Terminal\PrintMate.Terminal_a2fnkli1_wpftmp.csproj]
C:\Users\User\source\repos\inTheFox\PrintMate.Terminal\PrintMate.Terminal\ViewModels\Configure\ConfigureParametersViewModels\ConfigureParametersLasersViewModel.cs(288,21): warning CS4014: Поскольку этот вызов не ожидается, выполнение текущего метода продолжается до завершения вызова. Попробуйте применить оператор await к результату вызова. [C:\Users\User\source\repos\inTheFox\PrintMate.Terminal\PrintMate.Terminal\PrintMate.Terminal_a2fnkli1_wpftmp.csproj]
C:\Users\User\source\repos\inTheFox\PrintMate.Terminal\PrintMate.Terminal\ViewModels\Configure\ConfigureParametersViewModels\ConfigureParametersLasersViewModel.cs(296,21): warning CS4014: Поскольку этот вызов не ожидается, выполнение текущего метода продолжается до завершения вызова. Попробуйте применить оператор await к результату вызова. [C:\Users\User\source\repos\inTheFox\PrintMate.Terminal\PrintMate.Terminal\PrintMate.Terminal_a2fnkli1_wpftmp.csproj]
C:\Users\User\source\repos\inTheFox\PrintMate.Terminal\PrintMate.Terminal\ViewModels\Configure\ConfigureParametersViewModels\ConfigureParametersLasersViewModel.cs(303,17): warning CS4014: Поскольку этот вызов не ожидается, выполнение текущего метода продолжается до завершения вызова. Попробуйте применить оператор await к результату вызова. [C:\Users\User\source\repos\inTheFox\PrintMate.Terminal\PrintMate.Terminal\PrintMate.Terminal_a2fnkli1_wpftmp.csproj]
C:\Users\User\source\repos\inTheFox\PrintMate.Terminal\PrintMate.Terminal\ViewModels\PagesViewModels\ProjectViewer3DViewModel.cs(335,17): warning CS4014: Поскольку этот вызов не ожидается, выполнение текущего метода продолжается до завершения вызова. Попробуйте применить оператор await к результату вызова. [C:\Users\User\source\repos\inTheFox\PrintMate.Terminal\PrintMate.Terminal\PrintMate.Terminal_a2fnkli1_wpftmp.csproj]
C:\Users\User\source\repos\inTheFox\PrintMate.Terminal\PrintMate.Terminal\Services\PrintService.cs(655,33): warning CS0162: Обнаружен недостижимый код [C:\Users\User\source\repos\inTheFox\PrintMate.Terminal\PrintMate.Terminal\PrintMate.Terminal_a2fnkli1_wpftmp.csproj]
C:\Users\User\source\repos\inTheFox\PrintMate.Terminal\PrintMate.Terminal\ViewModels\PrintPageViewModel.cs(420,17): warning CS4014: Поскольку этот вызов не ожидается, выполнение текущего метода продолжается до завершения вызова. Попробуйте применить оператор await к результату вызова. [C:\Users\User\source\repos\inTheFox\PrintMate.Terminal\PrintMate.Terminal\PrintMate.Terminal_a2fnkli1_wpftmp.csproj]
C:\Users\User\source\repos\inTheFox\PrintMate.Terminal\PrintMate.Terminal\ViewModels\ModalsViewModels\DirectoryPickerControlViewModel.cs(217,30): warning CS0168: Переменная "e" объявлена, но ни разу не использована. [C:\Users\User\source\repos\inTheFox\PrintMate.Terminal\PrintMate.Terminal\PrintMate.Terminal_a2fnkli1_wpftmp.csproj]
C:\Users\User\source\repos\inTheFox\PrintMate.Terminal\PrintMate.Terminal\Services\ProjectManager.cs(95,13): warning CS4014: Поскольку этот вызов не ожидается, выполнение текущего метода продолжается до завершения вызова. Попробуйте применить оператор await к результату вызова. [C:\Users\User\source\repos\inTheFox\PrintMate.Terminal\PrintMate.Terminal\PrintMate.Terminal_a2fnkli1_wpftmp.csproj]
C:\Users\User\source\repos\inTheFox\PrintMate.Terminal\PrintMate.Terminal\ViewModels\ModalsViewModels\ProjectDirectoryPickerViewModel.cs(220,30): warning CS0168: Переменная "e" объявлена, но ни разу не использована. [C:\Users\User\source\repos\inTheFox\PrintMate.Terminal\PrintMate.Terminal\PrintMate.Terminal_a2fnkli1_wpftmp.csproj]
C:\Users\User\source\repos\inTheFox\PrintMate.Terminal\PrintMate.Terminal\Controls\VeldridLayerRenderer.cs(71,29): warning CS0169: Поле "VeldridLayerRenderer._framebuffer" никогда не используется. [C:\Users\User\source\repos\inTheFox\PrintMate.Terminal\PrintMate.Terminal\PrintMate.Terminal_a2fnkli1_wpftmp.csproj]
C:\Users\User\source\repos\inTheFox\PrintMate.Terminal\PrintMate.Terminal\ViewModels\ModalsViewModels\AddRoleFormViewModel.cs(80,30): warning CS0169: Поле "AddRoleFormViewModel._closeCommand" никогда не используется. [C:\Users\User\source\repos\inTheFox\PrintMate.Terminal\PrintMate.Terminal\PrintMate.Terminal_a2fnkli1_wpftmp.csproj]
C:\Users\User\source\repos\inTheFox\PrintMate.Terminal\PrintMate.Terminal\ViewModels\PrintPageViewModel.cs(308,39): warning CS0169: Поле "PrintPageViewModel._modalService" никогда не используется. [C:\Users\User\source\repos\inTheFox\PrintMate.Terminal\PrintMate.Terminal\PrintMate.Terminal_a2fnkli1_wpftmp.csproj]
C:\Users\User\source\repos\inTheFox\PrintMate.Terminal\PrintMate.Terminal\Views\Configure\ConfigureParametersViews\ConfigureParametersCamera.xaml.cs(39,36): warning CS0169: Поле "ConfigureParametersCamera._videoSource" никогда не используется. [C:\Users\User\source\repos\inTheFox\PrintMate.Terminal\PrintMate.Terminal\PrintMate.Terminal_a2fnkli1_wpftmp.csproj]
C:\Users\User\source\repos\inTheFox\PrintMate.Terminal\PrintMate.Terminal\ViewModels\ProjectPreviewViewModel.cs(78,29): warning CS0067: Событие "ProjectPreviewViewModel.PathsUpdated" никогда не используется. [C:\Users\User\source\repos\inTheFox\PrintMate.Terminal\PrintMate.Terminal\PrintMate.Terminal_a2fnkli1_wpftmp.csproj]
C:\Users\User\source\repos\inTheFox\PrintMate.Terminal\PrintMate.Terminal\Views\Keyboard.xaml.cs(58,25): warning CS0169: Поле "Keyboard.activeTextBox" никогда не используется. [C:\Users\User\source\repos\inTheFox\PrintMate.Terminal\PrintMate.Terminal\PrintMate.Terminal_a2fnkli1_wpftmp.csproj]
C:\Users\User\source\repos\inTheFox\PrintMate.Terminal\PrintMate.Terminal\ViewModels\IndicatorDecimalViewModel.cs(93,27): warning CS0169: Поле "IndicatorDecimalViewModel._commandId" никогда не используется. [C:\Users\User\source\repos\inTheFox\PrintMate.Terminal\PrintMate.Terminal\PrintMate.Terminal_a2fnkli1_wpftmp.csproj]
C:\Users\User\source\repos\inTheFox\PrintMate.Terminal\PrintMate.Terminal\ViewModels\ManualAxesControlViewModel.cs(48,51): warning CS0169: Поле "ManualAxesControlViewModel._logicControllerProvider" никогда не используется. [C:\Users\User\source\repos\inTheFox\PrintMate.Terminal\PrintMate.Terminal\PrintMate.Terminal_a2fnkli1_wpftmp.csproj]
C:\Users\User\source\repos\inTheFox\PrintMate.Terminal\PrintMate.Terminal\Views\Configure\ConfigureParametersViews\ConfigureParametersCamera.xaml.cs(38,38): warning CS0169: Поле "ConfigureParametersCamera._videoDevices" никогда не используется. [C:\Users\User\source\repos\inTheFox\PrintMate.Terminal\PrintMate.Terminal\PrintMate.Terminal_a2fnkli1_wpftmp.csproj]
C:\Users\User\source\repos\inTheFox\PrintMate.Terminal\PrintMate.Terminal\ViewModels\Configure\ConfigureParametersViewModels\ConfigureParametersPlcViewModel.cs(41,21): warning CS0169: Поле "ConfigureParametersPlcViewModel._test" никогда не используется. [C:\Users\User\source\repos\inTheFox\PrintMate.Terminal\PrintMate.Terminal\PrintMate.Terminal_a2fnkli1_wpftmp.csproj]
C:\Users\User\source\repos\inTheFox\PrintMate.Terminal\PrintMate.Terminal\Controls\VeldridLayerRenderer.cs(72,25): warning CS0169: Поле "VeldridLayerRenderer._offscreenTexture" никогда не используется. [C:\Users\User\source\repos\inTheFox\PrintMate.Terminal\PrintMate.Terminal\PrintMate.Terminal_a2fnkli1_wpftmp.csproj]
C:\Users\User\source\repos\inTheFox\PrintMate.Terminal\PrintMate.Terminal\Parsers\CliParser\CliProvider.cs(33,37): warning CS0067: Событие "CliProvider.ParseError" никогда не используется. [C:\Users\User\source\repos\inTheFox\PrintMate.Terminal\PrintMate.Terminal\PrintMate.Terminal_a2fnkli1_wpftmp.csproj]
C:\Users\User\source\repos\inTheFox\PrintMate.Terminal\PrintMate.Terminal\ViewModels\PagesViewModels\ProjectViewer3DViewModel.cs(42,22): warning CS0169: Поле "ProjectViewer3DViewModel._isSimulating" никогда не используется. [C:\Users\User\source\repos\inTheFox\PrintMate.Terminal\PrintMate.Terminal\PrintMate.Terminal_a2fnkli1_wpftmp.csproj]
C:\Users\User\source\repos\inTheFox\PrintMate.Terminal\PrintMate.Terminal\ViewModels\PagesViewModels\ProjectViewer3DViewModel.cs(269,39): warning CS0169: Поле "ProjectViewer3DViewModel._modalService" никогда не используется. [C:\Users\User\source\repos\inTheFox\PrintMate.Terminal\PrintMate.Terminal\PrintMate.Terminal_a2fnkli1_wpftmp.csproj]
C:\Users\User\source\repos\inTheFox\PrintMate.Terminal\PrintMate.Terminal\Controls\DX11ViewportControl.xaml.cs(72,25): warning CS0169: Поле "DX11ViewportControl._platformShadowMesh" никогда не используется. [C:\Users\User\source\repos\inTheFox\PrintMate.Terminal\PrintMate.Terminal\PrintMate.Terminal_a2fnkli1_wpftmp.csproj]
C:\Users\User\source\repos\inTheFox\PrintMate.Terminal\PrintMate.Terminal\Controls\VeldridLayerRenderer.cs(73,25): warning CS0169: Поле "VeldridLayerRenderer._depthTexture" никогда не используется. [C:\Users\User\source\repos\inTheFox\PrintMate.Terminal\PrintMate.Terminal\PrintMate.Terminal_a2fnkli1_wpftmp.csproj]
C:\Users\User\source\repos\inTheFox\PrintMate.Terminal\PrintMate.Terminal\ViewModels\ManualAxesControlViewModel.cs(45,21): warning CS0169: Поле "ManualAxesControlViewModel._preRecounterPosition" никогда не используется. [C:\Users\User\source\repos\inTheFox\PrintMate.Terminal\PrintMate.Terminal\PrintMate.Terminal_a2fnkli1_wpftmp.csproj]
C:\Users\User\source\repos\inTheFox\PrintMate.Terminal\PrintMate.Terminal\ViewModels\PrintPageViewModel.cs(41,22): warning CS0169: Поле "PrintPageViewModel._isSimulating" никогда не используется. [C:\Users\User\source\repos\inTheFox\PrintMate.Terminal\PrintMate.Terminal\PrintMate.Terminal_a2fnkli1_wpftmp.csproj]
C:\Users\User\source\repos\inTheFox\PrintMate.Terminal\PrintMate.Terminal\ViewModels\PagesViewModels\ProjectViewer3DViewModel.cs(151,22): warning CS0414: Полю "ProjectViewer3DViewModel._lastHighlightedPartId" присвоено значение, но оно ни разу не использовано. [C:\Users\User\source\repos\inTheFox\PrintMate.Terminal\PrintMate.Terminal\PrintMate.Terminal_a2fnkli1_wpftmp.csproj]
C:\Users\User\source\repos\inTheFox\PrintMate.Terminal\PrintMate.Terminal\Views\Keyboard.xaml.cs(57,22): warning CS0414: Полю "Keyboard.isRussianLayout" присвоено значение, но оно ни разу не использовано. [C:\Users\User\source\repos\inTheFox\PrintMate.Terminal\PrintMate.Terminal\PrintMate.Terminal_a2fnkli1_wpftmp.csproj]
C:\Users\User\source\repos\inTheFox\PrintMate.Terminal\PrintMate.Terminal\Hans\UdmBuilderJavaPort.cs(39,24): warning CS0414: Полю "UdmBuilderJavaPort._lastZCoord" присвоено значение, но оно ни разу не использовано. [C:\Users\User\source\repos\inTheFox\PrintMate.Terminal\PrintMate.Terminal\PrintMate.Terminal_a2fnkli1_wpftmp.csproj]
C:\Users\User\source\repos\inTheFox\PrintMate.Terminal\PrintMate.Terminal\Services\PrintService.cs(77,22): warning CS0414: Полю "PrintService._isDosingStarted" присвоено значение, но оно ни разу не использовано. [C:\Users\User\source\repos\inTheFox\PrintMate.Terminal\PrintMate.Terminal\PrintMate.Terminal_a2fnkli1_wpftmp.csproj]
C:\Users\User\source\repos\inTheFox\PrintMate.Terminal\PrintMate.Terminal\Views\Configure\ConfigureParametersViews\ConfigureParametersCamera.xaml.cs(37,21): warning CS0414: Полю "ConfigureParametersCamera._selectedCameraIndex" присвоено значение, но оно ни разу не использовано. [C:\Users\User\source\repos\inTheFox\PrintMate.Terminal\PrintMate.Terminal\PrintMate.Terminal_a2fnkli1_wpftmp.csproj]
C:\Users\User\source\repos\inTheFox\PrintMate.Terminal\PrintMate.Terminal\Hans\UdmBuilder.cs(22,32): warning CS0414: Полю "UdmBuilder._currentZOffset" присвоено значение, но оно ни разу не использовано. [C:\Users\User\source\repos\inTheFox\PrintMate.Terminal\PrintMate.Terminal\PrintMate.Terminal_a2fnkli1_wpftmp.csproj]
C:\Users\User\source\repos\inTheFox\PrintMate.Terminal\PrintMate.Terminal\Hans\UdmBuilderJavaPort.cs(38,21): warning CS0414: Полю "UdmBuilderJavaPort._currentLayerIndex" присвоено значение, но оно ни разу не использовано. [C:\Users\User\source\repos\inTheFox\PrintMate.Terminal\PrintMate.Terminal\PrintMate.Terminal_a2fnkli1_wpftmp.csproj]
C:\Users\User\source\repos\inTheFox\PrintMate.Terminal\PrintMate.Terminal\Hans\TestUdmBuilder.cs(21,32): warning CS0414: Полю "TestUdmBuilder._currentZOffset" присвоено значение, но оно ни разу не использовано. [C:\Users\User\source\repos\inTheFox\PrintMate.Terminal\PrintMate.Terminal\PrintMate.Terminal_a2fnkli1_wpftmp.csproj]
C:\Users\User\source\repos\inTheFox\PrintMate.Terminal\PrintMate.Terminal\Services\PrintService.cs(78,22): warning CS0414: Полю "PrintService._printLayerStart" присвоено значение, но оно ни разу не использовано. [C:\Users\User\source\repos\inTheFox\PrintMate.Terminal\PrintMate.Terminal\PrintMate.Terminal_a2fnkli1_wpftmp.csproj]
C:\Users\User\source\repos\inTheFox\PrintMate.Terminal\PrintMate.Terminal\Views\ManualAxesControl.xaml.cs(35,21): warning CS0414: Полю "ManualAxesControl._currentRecouterPosition" присвоено значение, но оно ни разу не использовано. [C:\Users\User\source\repos\inTheFox\PrintMate.Terminal\PrintMate.Terminal\PrintMate.Terminal_a2fnkli1_wpftmp.csproj]
C:\Users\User\source\repos\inTheFox\PrintMate.Terminal\PrintMate.Terminal\ViewModels\PrintPageViewModel.cs(160,22): warning CS0414: Полю "PrintPageViewModel._lastHighlightedPartId" присвоено значение, но оно ни разу не использовано. [C:\Users\User\source\repos\inTheFox\PrintMate.Terminal\PrintMate.Terminal\PrintMate.Terminal_a2fnkli1_wpftmp.csproj]
C:\Users\User\source\repos\inTheFox\PrintMate.Terminal\PrintMate.Terminal\Services\PingService.cs(6,7): warning CS0105: Директива using для "System" ранее встречалась в этом пространстве имен [C:\Users\User\source\repos\inTheFox\PrintMate.Terminal\PrintMate.Terminal\PrintMate.Terminal.csproj]
C:\Users\User\source\repos\inTheFox\PrintMate.Terminal\PrintMate.Terminal\Services\PingService.cs(8,7): warning CS0105: Директива using для "System.Threading.Tasks" ранее встречалась в этом пространстве имен [C:\Users\User\source\repos\inTheFox\PrintMate.Terminal\PrintMate.Terminal\PrintMate.Terminal.csproj]
C:\Users\User\source\repos\inTheFox\PrintMate.Terminal\PrintMate.Terminal\Hans\MultiScanatorSystemProxy.cs(38,47): warning CS8632: Аннотацию для ссылочных типов, допускающих значения NULL, следует использовать в коде только в контексте аннотаций "#nullable". [C:\Users\User\source\repos\inTheFox\PrintMate.Terminal\PrintMate.Terminal\PrintMate.Terminal.csproj]
C:\Users\User\source\repos\inTheFox\PrintMate.Terminal\PrintMate.Terminal\Hans\ScanatorConfigurationLoader.cs(19,50): warning CS8632: Аннотацию для ссылочных типов, допускающих значения NULL, следует использовать в коде только в контексте аннотаций "#nullable". [C:\Users\User\source\repos\inTheFox\PrintMate.Terminal\PrintMate.Terminal\PrintMate.Terminal.csproj]
C:\Users\User\source\repos\inTheFox\PrintMate.Terminal\PrintMate.Terminal\Hans\MultiScanatorSystemProxy.cs(171,70): warning CS8632: Аннотацию для ссылочных типов, допускающих значения NULL, следует использовать в коде только в контексте аннотаций "#nullable". [C:\Users\User\source\repos\inTheFox\PrintMate.Terminal\PrintMate.Terminal\PrintMate.Terminal.csproj]
C:\Users\User\source\repos\inTheFox\PrintMate.Terminal\PrintMate.Terminal\Hans\MultiScanatorSystemProxy.cs(221,35): warning CS8632: Аннотацию для ссылочных типов, допускающих значения NULL, следует использовать в коде только в контексте аннотаций "#nullable". [C:\Users\User\source\repos\inTheFox\PrintMate.Terminal\PrintMate.Terminal\PrintMate.Terminal.csproj]
C:\Users\User\source\repos\inTheFox\PrintMate.Terminal\PrintMate.Terminal\Parsers\CliParser\CliProvider.cs(562,26): warning CS8632: Аннотацию для ссылочных типов, допускающих значения NULL, следует использовать в коде только в контексте аннотаций "#nullable". [C:\Users\User\source\repos\inTheFox\PrintMate.Terminal\PrintMate.Terminal\PrintMate.Terminal.csproj]
C:\Users\User\source\repos\inTheFox\PrintMate.Terminal\PrintMate.Terminal\Parsers\Shared\Models\Data.cs(32,17): warning CS8632: Аннотацию для ссылочных типов, допускающих значения NULL, следует использовать в коде только в контексте аннотаций "#nullable". [C:\Users\User\source\repos\inTheFox\PrintMate.Terminal\PrintMate.Terminal\PrintMate.Terminal.csproj]
C:\Users\User\source\repos\inTheFox\PrintMate.Terminal\PrintMate.Terminal\AppConfiguration\ScannerSettings.cs(292,37): warning CS8632: Аннотацию для ссылочных типов, допускающих значения NULL, следует использовать в коде только в контексте аннотаций "#nullable". [C:\Users\User\source\repos\inTheFox\PrintMate.Terminal\PrintMate.Terminal\PrintMate.Terminal.csproj]
C:\Users\User\source\repos\inTheFox\PrintMate.Terminal\PrintMate.Terminal\Parsers\CliParser\CliProviderExtension.cs(51,27): warning CS8632: Аннотацию для ссылочных типов, допускающих значения NULL, следует использовать в коде только в контексте аннотаций "#nullable". [C:\Users\User\source\repos\inTheFox\PrintMate.Terminal\PrintMate.Terminal\PrintMate.Terminal.csproj]
C:\Users\User\source\repos\inTheFox\PrintMate.Terminal\PrintMate.Terminal\AppConfiguration\ScannerSettings.cs(297,37): warning CS8632: Аннотацию для ссылочных типов, допускающих значения NULL, следует использовать в коде только в контексте аннотаций "#nullable". [C:\Users\User\source\repos\inTheFox\PrintMate.Terminal\PrintMate.Terminal\PrintMate.Terminal.csproj]
C:\Users\User\source\repos\inTheFox\PrintMate.Terminal\PrintMate.Terminal\Parsers\Shared\Models\Data.cs(52,25): warning CS8632: Аннотацию для ссылочных типов, допускающих значения NULL, следует использовать в коде только в контексте аннотаций "#nullable". [C:\Users\User\source\repos\inTheFox\PrintMate.Terminal\PrintMate.Terminal\PrintMate.Terminal.csproj]
C:\Users\User\source\repos\inTheFox\PrintMate.Terminal\PrintMate.Terminal\Parsers\Shared\Models\Project.cs(36,21): warning CS8632: Аннотацию для ссылочных типов, допускающих значения NULL, следует использовать в коде только в контексте аннотаций "#nullable". [C:\Users\User\source\repos\inTheFox\PrintMate.Terminal\PrintMate.Terminal\PrintMate.Terminal.csproj]
C:\Users\User\source\repos\inTheFox\PrintMate.Terminal\PrintMate.Terminal\ConfigurationSystem\Core\ConfigurationManager.cs(393,46): warning CS8632: Аннотацию для ссылочных типов, допускающих значения NULL, следует использовать в коде только в контексте аннотаций "#nullable". [C:\Users\User\source\repos\inTheFox\PrintMate.Terminal\PrintMate.Terminal\PrintMate.Terminal.csproj]
C:\Users\User\source\repos\inTheFox\PrintMate.Terminal\PrintMate.Terminal\ConfigurationSystem\Core\ConfigurationManager.cs(409,21): warning CS8632: Аннотацию для ссылочных типов, допускающих значения NULL, следует использовать в коде только в контексте аннотаций "#nullable". [C:\Users\User\source\repos\inTheFox\PrintMate.Terminal\PrintMate.Terminal\PrintMate.Terminal.csproj]
C:\Users\User\source\repos\inTheFox\PrintMate.Terminal\PrintMate.Terminal\Migrations\20251109180048_first.cs(8,26): warning CS8981: Имя типа "first" содержит только строчные символы ASCII. Такие имена могут резервироваться для языка. [C:\Users\User\source\repos\inTheFox\PrintMate.Terminal\PrintMate.Terminal\PrintMate.Terminal.csproj]
C:\Users\User\source\repos\inTheFox\PrintMate.Terminal\PrintMate.Terminal\Migrations\20251109180048_first.Designer.cs(14,19): warning CS8981: Имя типа "first" содержит только строчные символы ASCII. Такие имена могут резервироваться для языка. [C:\Users\User\source\repos\inTheFox\PrintMate.Terminal\PrintMate.Terminal\PrintMate.Terminal.csproj]
C:\Users\User\source\repos\inTheFox\PrintMate.Terminal\PrintMate.Terminal\Hans\ScanatorProxyClient.cs(595,65): warning CS8632: Аннотацию для ссылочных типов, допускающих значения NULL, следует использовать в коде только в контексте аннотаций "#nullable". [C:\Users\User\source\repos\inTheFox\PrintMate.Terminal\PrintMate.Terminal\PrintMate.Terminal.csproj]
C:\Users\User\source\repos\inTheFox\PrintMate.Terminal\PrintMate.Terminal\Migrations\20251110063726_fbwkbfwbnfkjnewjkf.cs(8,26): warning CS8981: Имя типа "fbwkbfwbnfkjnewjkf" содержит только строчные символы ASCII. Такие имена могут резервироваться для языка. [C:\Users\User\source\repos\inTheFox\PrintMate.Terminal\PrintMate.Terminal\PrintMate.Terminal.csproj]
C:\Users\User\source\repos\inTheFox\PrintMate.Terminal\PrintMate.Terminal\Migrations\20251110063726_fbwkbfwbnfkjnewjkf.Designer.cs(14,19): warning CS8981: Имя типа "fbwkbfwbnfkjnewjkf" содержит только строчные символы ASCII. Такие имена могут резервироваться для языка. [C:\Users\User\source\repos\inTheFox\PrintMate.Terminal\PrintMate.Terminal\PrintMate.Terminal.csproj]
C:\Users\User\source\repos\inTheFox\PrintMate.Terminal\PrintMate.Terminal\Migrations\20251110104117_fnwnfjkwenfkjwenkj.cs(8,26): warning CS8981: Имя типа "fnwnfjkwenfkjwenkj" содержит только строчные символы ASCII. Такие имена могут резервироваться для языка. [C:\Users\User\source\repos\inTheFox\PrintMate.Terminal\PrintMate.Terminal\PrintMate.Terminal.csproj]
C:\Users\User\source\repos\inTheFox\PrintMate.Terminal\PrintMate.Terminal\Migrations\20251110104117_fnwnfjkwenfkjwenkj.Designer.cs(14,19): warning CS8981: Имя типа "fnwnfjkwenfkjwenkj" содержит только строчные символы ASCII. Такие имена могут резервироваться для языка. [C:\Users\User\source\repos\inTheFox\PrintMate.Terminal\PrintMate.Terminal\PrintMate.Terminal.csproj]
C:\Users\User\source\repos\inTheFox\PrintMate.Terminal\PrintMate.Terminal\ConfigurationSystem\Core\ConfigurationManager.cs(46,66): warning CS8632: Аннотацию для ссылочных типов, допускающих значения NULL, следует использовать в коде только в контексте аннотаций "#nullable". [C:\Users\User\source\repos\inTheFox\PrintMate.Terminal\PrintMate.Terminal\PrintMate.Terminal.csproj]
C:\Users\User\source\repos\inTheFox\PrintMate.Terminal\PrintMate.Terminal\Migrations\20251128035256_fjenwfnekwjfew.cs(8,26): warning CS8981: Имя типа "fjenwfnekwjfew" содержит только строчные символы ASCII. Такие имена могут резервироваться для языка. [C:\Users\User\source\repos\inTheFox\PrintMate.Terminal\PrintMate.Terminal\PrintMate.Terminal.csproj]
C:\Users\User\source\repos\inTheFox\PrintMate.Terminal\PrintMate.Terminal\Migrations\20251128035256_fjenwfnekwjfew.Designer.cs(15,19): warning CS8981: Имя типа "fjenwfnekwjfew" содержит только строчные символы ASCII. Такие имена могут резервироваться для языка. [C:\Users\User\source\repos\inTheFox\PrintMate.Terminal\PrintMate.Terminal\PrintMate.Terminal.csproj]
C:\Users\User\source\repos\inTheFox\PrintMate.Terminal\PrintMate.Terminal\Parsers\CncParser\CncProvider.cs(448,26): warning CS8632: Аннотацию для ссылочных типов, допускающих значения NULL, следует использовать в коде только в контексте аннотаций "#nullable". [C:\Users\User\source\repos\inTheFox\PrintMate.Terminal\PrintMate.Terminal\PrintMate.Terminal.csproj]
C:\Users\User\source\repos\inTheFox\PrintMate.Terminal\PrintMate.Terminal\Views\ComponentsViews\DirectoryItemComponent.xaml.cs(39,51): warning CS0108: "DirectoryItemComponent.NameProperty" скрывает наследуемый член "FrameworkElement.NameProperty". Если скрытие было намеренным, используйте ключевое слово new. [C:\Users\User\source\repos\inTheFox\PrintMate.Terminal\PrintMate.Terminal\PrintMate.Terminal.csproj]
C:\Users\User\source\repos\inTheFox\PrintMate.Terminal\PrintMate.Terminal\Views\ComponentsViews\DirectoryItemComponent.xaml.cs(45,26): warning CS0108: "DirectoryItemComponent.Name" скрывает наследуемый член "FrameworkElement.Name". Если скрытие было намеренным, используйте ключевое слово new. [C:\Users\User\source\repos\inTheFox\PrintMate.Terminal\PrintMate.Terminal\PrintMate.Terminal.csproj]
C:\Users\User\source\repos\inTheFox\PrintMate.Terminal\PrintMate.Terminal\Services\PrintService.cs(37,21): warning CS8632: Аннотацию для ссылочных типов, допускающих значения NULL, следует использовать в коде только в контексте аннотаций "#nullable". [C:\Users\User\source\repos\inTheFox\PrintMate.Terminal\PrintMate.Terminal\PrintMate.Terminal.csproj]
C:\Users\User\source\repos\inTheFox\PrintMate.Terminal\PrintMate.Terminal\Services\PrintSessionService.cs(295,37): warning CS8632: Аннотацию для ссылочных типов, допускающих значения NULL, следует использовать в коде только в контексте аннотаций "#nullable". [C:\Users\User\source\repos\inTheFox\PrintMate.Terminal\PrintMate.Terminal\PrintMate.Terminal.csproj]
C:\Users\User\source\repos\inTheFox\PrintMate.Terminal\PrintMate.Terminal\ViewModels\ModalsViewModels\DirectoryPickerControlViewModel.cs(94,22): warning CS8632: Аннотацию для ссылочных типов, допускающих значения NULL, следует использовать в коде только в контексте аннотаций "#nullable". [C:\Users\User\source\repos\inTheFox\PrintMate.Terminal\PrintMate.Terminal\PrintMate.Terminal.csproj]
C:\Users\User\source\repos\inTheFox\PrintMate.Terminal\PrintMate.Terminal\Views\Keyboard.xaml.cs(518,21): warning CS0114: "Keyboard.AddText(string)" скрывает наследуемый член "ContentControl.AddText(string)". Чтобы текущий член переопределял эту реализацию, добавьте ключевое слово override. В противном случае добавьте ключевое слово new. [C:\Users\User\source\repos\inTheFox\PrintMate.Terminal\PrintMate.Terminal\PrintMate.Terminal.csproj]
C:\Users\User\source\repos\inTheFox\PrintMate.Terminal\PrintMate.Terminal\Parsers\Shared\Models\Data.cs(32,64): warning CS8632: Аннотацию для ссылочных типов, допускающих значения NULL, следует использовать в коде только в контексте аннотаций "#nullable". [C:\Users\User\source\repos\inTheFox\PrintMate.Terminal\PrintMate.Terminal\PrintMate.Terminal.csproj]
C:\Users\User\source\repos\inTheFox\PrintMate.Terminal\PrintMate.Terminal\Hans\UdmBuilder.cs(318,30): warning CS0168: Переменная "e" объявлена, но ни разу не использована. [C:\Users\User\source\repos\inTheFox\PrintMate.Terminal\PrintMate.Terminal\PrintMate.Terminal.csproj]
C:\Users\User\source\repos\inTheFox\PrintMate.Terminal\PrintMate.Terminal\Opc\LogicControllerService.cs(75,25): warning CS4014: Поскольку этот вызов не ожидается, выполнение текущего метода продолжается до завершения вызова. Попробуйте применить оператор await к результату вызова. [C:\Users\User\source\repos\inTheFox\PrintMate.Terminal\PrintMate.Terminal\PrintMate.Terminal.csproj]
C:\Users\User\source\repos\inTheFox\PrintMate.Terminal\PrintMate.Terminal\Opc\LogicControllerService.cs(90,21): warning CS4014: Поскольку этот вызов не ожидается, выполнение текущего метода продолжается до завершения вызова. Попробуйте применить оператор await к результату вызова. [C:\Users\User\source\repos\inTheFox\PrintMate.Terminal\PrintMate.Terminal\PrintMate.Terminal.csproj]
C:\Users\User\source\repos\inTheFox\PrintMate.Terminal\PrintMate.Terminal\Parsers\CliParser\CliProvider.cs(371,22): warning CS0219: Переменной "hasData" присвоено значение, но оно ни разу не использовано. [C:\Users\User\source\repos\inTheFox\PrintMate.Terminal\PrintMate.Terminal\PrintMate.Terminal.csproj]
C:\Users\User\source\repos\inTheFox\PrintMate.Terminal\PrintMate.Terminal\Opc\LogicControllerService.cs(162,30): warning CS0168: Переменная "e" объявлена, но ни разу не использована. [C:\Users\User\source\repos\inTheFox\PrintMate.Terminal\PrintMate.Terminal\PrintMate.Terminal.csproj]
C:\Users\User\source\repos\inTheFox\PrintMate.Terminal\PrintMate.Terminal\Opc\LogicControllerService.cs(199,25): warning CS0162: Обнаружен недостижимый код [C:\Users\User\source\repos\inTheFox\PrintMate.Terminal\PrintMate.Terminal\PrintMate.Terminal.csproj]
C:\Users\User\source\repos\inTheFox\PrintMate.Terminal\PrintMate.Terminal\Opc\LogicControllerService.cs(202,25): warning CS0162: Обнаружен недостижимый код [C:\Users\User\source\repos\inTheFox\PrintMate.Terminal\PrintMate.Terminal\PrintMate.Terminal.csproj]
C:\Users\User\source\repos\inTheFox\PrintMate.Terminal\PrintMate.Terminal\Opc\LogicControllerService.cs(205,25): warning CS0162: Обнаружен недостижимый код [C:\Users\User\source\repos\inTheFox\PrintMate.Terminal\PrintMate.Terminal\PrintMate.Terminal.csproj]
C:\Users\User\source\repos\inTheFox\PrintMate.Terminal\PrintMate.Terminal\Opc\LogicControllerService.cs(208,25): warning CS0162: Обнаружен недостижимый код [C:\Users\User\source\repos\inTheFox\PrintMate.Terminal\PrintMate.Terminal\PrintMate.Terminal.csproj]
C:\Users\User\source\repos\inTheFox\PrintMate.Terminal\PrintMate.Terminal\Opc\LogicControllerService.cs(186,30): warning CS0168: Переменная "e" объявлена, но ни разу не использована. [C:\Users\User\source\repos\inTheFox\PrintMate.Terminal\PrintMate.Terminal\PrintMate.Terminal.csproj]
C:\Users\User\source\repos\inTheFox\PrintMate.Terminal\PrintMate.Terminal\Rendering\CliGeometryBuilder.cs(43,26): warning CS0219: Переменной "platformThickness" присвоено значение, но оно ни разу не использовано. [C:\Users\User\source\repos\inTheFox\PrintMate.Terminal\PrintMate.Terminal\PrintMate.Terminal.csproj]
C:\Users\User\source\repos\inTheFox\PrintMate.Terminal\PrintMate.Terminal\Opc\LogicControllerObserver.cs(148,42): warning CS0168: Переменная "e" объявлена, но ни разу не использована. [C:\Users\User\source\repos\inTheFox\PrintMate.Terminal\PrintMate.Terminal\PrintMate.Terminal.csproj]
C:\Users\User\source\repos\inTheFox\PrintMate.Terminal\PrintMate.Terminal\ViewModels\Configure\ConfigureParametersViewModels\ConfigureParametersLasersViewModel.cs(206,9): warning CS4014: Поскольку этот вызов не ожидается, выполнение текущего метода продолжается до завершения вызова. Попробуйте применить оператор await к результату вызова. [C:\Users\User\source\repos\inTheFox\PrintMate.Terminal\PrintMate.Terminal\PrintMate.Terminal.csproj]
C:\Users\User\source\repos\inTheFox\PrintMate.Terminal\PrintMate.Terminal\ViewModels\Configure\ConfigureParametersViewModels\ConfigureParametersLasersViewModel.cs(288,21): warning CS4014: Поскольку этот вызов не ожидается, выполнение текущего метода продолжается до завершения вызова. Попробуйте применить оператор await к результату вызова. [C:\Users\User\source\repos\inTheFox\PrintMate.Terminal\PrintMate.Terminal\PrintMate.Terminal.csproj]
C:\Users\User\source\repos\inTheFox\PrintMate.Terminal\PrintMate.Terminal\ViewModels\Configure\ConfigureParametersViewModels\ConfigureParametersLasersViewModel.cs(296,21): warning CS4014: Поскольку этот вызов не ожидается, выполнение текущего метода продолжается до завершения вызова. Попробуйте применить оператор await к результату вызова. [C:\Users\User\source\repos\inTheFox\PrintMate.Terminal\PrintMate.Terminal\PrintMate.Terminal.csproj]
C:\Users\User\source\repos\inTheFox\PrintMate.Terminal\PrintMate.Terminal\ViewModels\Configure\ConfigureParametersViewModels\ConfigureParametersLasersViewModel.cs(303,17): warning CS4014: Поскольку этот вызов не ожидается, выполнение текущего метода продолжается до завершения вызова. Попробуйте применить оператор await к результату вызова. [C:\Users\User\source\repos\inTheFox\PrintMate.Terminal\PrintMate.Terminal\PrintMate.Terminal.csproj]
C:\Users\User\source\repos\inTheFox\PrintMate.Terminal\PrintMate.Terminal\Services\LoggerService.cs(47,29): warning CS4014: Поскольку этот вызов не ожидается, выполнение текущего метода продолжается до завершения вызова. Попробуйте применить оператор await к результату вызова. [C:\Users\User\source\repos\inTheFox\PrintMate.Terminal\PrintMate.Terminal\PrintMate.Terminal.csproj]
C:\Users\User\source\repos\inTheFox\PrintMate.Terminal\PrintMate.Terminal\Views\Modals\AddProjectModalContainer.xaml.cs(76,13): warning CS4014: Поскольку этот вызов не ожидается, выполнение текущего метода продолжается до завершения вызова. Попробуйте применить оператор await к результату вызова. [C:\Users\User\source\repos\inTheFox\PrintMate.Terminal\PrintMate.Terminal\PrintMate.Terminal.csproj]
C:\Users\User\source\repos\inTheFox\PrintMate.Terminal\PrintMate.Terminal\Services\PingObserver.cs(61,25): warning CS4014: Поскольку этот вызов не ожидается, выполнение текущего метода продолжается до завершения вызова. Попробуйте применить оператор await к результату вызова. [C:\Users\User\source\repos\inTheFox\PrintMate.Terminal\PrintMate.Terminal\PrintMate.Terminal.csproj]
C:\Users\User\source\repos\inTheFox\PrintMate.Terminal\PrintMate.Terminal\Services\PingObserver.cs(45,13): warning CS4014: Поскольку этот вызов не ожидается, выполнение текущего метода продолжается до завершения вызова. Попробуйте применить оператор await к результату вызова. [C:\Users\User\source\repos\inTheFox\PrintMate.Terminal\PrintMate.Terminal\PrintMate.Terminal.csproj]
C:\Users\User\source\repos\inTheFox\PrintMate.Terminal\PrintMate.Terminal\Opc\LogicControllerObserverProxy.cs(94,42): warning CS0168: Переменная "e" объявлена, но ни разу не использована. [C:\Users\User\source\repos\inTheFox\PrintMate.Terminal\PrintMate.Terminal\PrintMate.Terminal.csproj]
C:\Users\User\source\repos\inTheFox\PrintMate.Terminal\PrintMate.Terminal\ViewModels\PagesViewModels\Layer3DViewModel.cs(321,20): warning CS0219: Переменной "halfSize" присвоено значение, но оно ни разу не использовано. [C:\Users\User\source\repos\inTheFox\PrintMate.Terminal\PrintMate.Terminal\PrintMate.Terminal.csproj]
C:\Users\User\source\repos\inTheFox\PrintMate.Terminal\PrintMate.Terminal\Services\PrintService.cs(110,21): warning CS4014: Поскольку этот вызов не ожидается, выполнение текущего метода продолжается до завершения вызова. Попробуйте применить оператор await к результату вызова. [C:\Users\User\source\repos\inTheFox\PrintMate.Terminal\PrintMate.Terminal\PrintMate.Terminal.csproj]
C:\Users\User\source\repos\inTheFox\PrintMate.Terminal\PrintMate.Terminal\ViewModels\PagesViewModels\ProjectViewer3DViewModel.cs(335,17): warning CS4014: Поскольку этот вызов не ожидается, выполнение текущего метода продолжается до завершения вызова. Попробуйте применить оператор await к результату вызова. [C:\Users\User\source\repos\inTheFox\PrintMate.Terminal\PrintMate.Terminal\PrintMate.Terminal.csproj]
C:\Users\User\source\repos\inTheFox\PrintMate.Terminal\PrintMate.Terminal\Services\PrintService.cs(253,17): warning CS4014: Поскольку этот вызов не ожидается, выполнение текущего метода продолжается до завершения вызова. Попробуйте применить оператор await к результату вызова. [C:\Users\User\source\repos\inTheFox\PrintMate.Terminal\PrintMate.Terminal\PrintMate.Terminal.csproj]
C:\Users\User\source\repos\inTheFox\PrintMate.Terminal\PrintMate.Terminal\Services\PrintService.cs(303,25): warning CS0162: Обнаружен недостижимый код [C:\Users\User\source\repos\inTheFox\PrintMate.Terminal\PrintMate.Terminal\PrintMate.Terminal.csproj]
C:\Users\User\source\repos\inTheFox\PrintMate.Terminal\PrintMate.Terminal\Services\PrintService.cs(319,17): warning CS4014: Поскольку этот вызов не ожидается, выполнение текущего метода продолжается до завершения вызова. Попробуйте применить оператор await к результату вызова. [C:\Users\User\source\repos\inTheFox\PrintMate.Terminal\PrintMate.Terminal\PrintMate.Terminal.csproj]
C:\Users\User\source\repos\inTheFox\PrintMate.Terminal\PrintMate.Terminal\ViewModels\ModalsViewModels\DirectoryPickerControlViewModel.cs(217,30): warning CS0168: Переменная "e" объявлена, но ни разу не использована. [C:\Users\User\source\repos\inTheFox\PrintMate.Terminal\PrintMate.Terminal\PrintMate.Terminal.csproj]
C:\Users\User\source\repos\inTheFox\PrintMate.Terminal\PrintMate.Terminal\ViewModels\ModalsViewModels\ProjectDirectoryPickerViewModel.cs(220,30): warning CS0168: Переменная "e" объявлена, но ни разу не использована. [C:\Users\User\source\repos\inTheFox\PrintMate.Terminal\PrintMate.Terminal\PrintMate.Terminal.csproj]
C:\Users\User\source\repos\inTheFox\PrintMate.Terminal\PrintMate.Terminal\Services\PrintService.cs(506,13): warning CS4014: Поскольку этот вызов не ожидается, выполнение текущего метода продолжается до завершения вызова. Попробуйте применить оператор await к результату вызова. [C:\Users\User\source\repos\inTheFox\PrintMate.Terminal\PrintMate.Terminal\PrintMate.Terminal.csproj]
C:\Users\User\source\repos\inTheFox\PrintMate.Terminal\PrintMate.Terminal\ViewModels\PrintPageViewModel.cs(420,17): warning CS4014: Поскольку этот вызов не ожидается, выполнение текущего метода продолжается до завершения вызова. Попробуйте применить оператор await к результату вызова. [C:\Users\User\source\repos\inTheFox\PrintMate.Terminal\PrintMate.Terminal\PrintMate.Terminal.csproj]
C:\Users\User\source\repos\inTheFox\PrintMate.Terminal\PrintMate.Terminal\ViewModels\ProjectPreviewViewModel.cs(425,37): warning CS0618: "SKPaint.FilterQuality" является устаревшим: 'Use SKSamplingOptions instead.' [C:\Users\User\source\repos\inTheFox\PrintMate.Terminal\PrintMate.Terminal\PrintMate.Terminal.csproj]
C:\Users\User\source\repos\inTheFox\PrintMate.Terminal\PrintMate.Terminal\ViewModels\ProjectPreviewViewModel.cs(425,59): warning CS0618: "SKFilterQuality" является устаревшим: 'Use SKSamplingOptions instead.' [C:\Users\User\source\repos\inTheFox\PrintMate.Terminal\PrintMate.Terminal\PrintMate.Terminal.csproj]
C:\Users\User\source\repos\inTheFox\PrintMate.Terminal\PrintMate.Terminal\ViewModels\ProjectPreviewViewModel.cs(553,37): warning CS0618: "SKPaint.FilterQuality" является устаревшим: 'Use SKSamplingOptions instead.' [C:\Users\User\source\repos\inTheFox\PrintMate.Terminal\PrintMate.Terminal\PrintMate.Terminal.csproj]
C:\Users\User\source\repos\inTheFox\PrintMate.Terminal\PrintMate.Terminal\ViewModels\ProjectPreviewViewModel.cs(553,59): warning CS0618: "SKFilterQuality" является устаревшим: 'Use SKSamplingOptions instead.' [C:\Users\User\source\repos\inTheFox\PrintMate.Terminal\PrintMate.Terminal\PrintMate.Terminal.csproj]
C:\Users\User\source\repos\inTheFox\PrintMate.Terminal\PrintMate.Terminal\Services\PrintService.cs(655,33): warning CS0162: Обнаружен недостижимый код [C:\Users\User\source\repos\inTheFox\PrintMate.Terminal\PrintMate.Terminal\PrintMate.Terminal.csproj]
C:\Users\User\source\repos\inTheFox\PrintMate.Terminal\PrintMate.Terminal\Services\ProjectManager.cs(95,13): warning CS4014: Поскольку этот вызов не ожидается, выполнение текущего метода продолжается до завершения вызова. Попробуйте применить оператор await к результату вызова. [C:\Users\User\source\repos\inTheFox\PrintMate.Terminal\PrintMate.Terminal\PrintMate.Terminal.csproj]
C:\Users\User\source\repos\inTheFox\PrintMate.Terminal\PrintMate.Terminal\ViewModels\PagesViewModels\ProjectViewer3DViewModel.cs(269,39): warning CS0169: Поле "ProjectViewer3DViewModel._modalService" никогда не используется. [C:\Users\User\source\repos\inTheFox\PrintMate.Terminal\PrintMate.Terminal\PrintMate.Terminal.csproj]
C:\Users\User\source\repos\inTheFox\PrintMate.Terminal\PrintMate.Terminal\Controls\VeldridLayerRenderer.cs(72,25): warning CS0169: Поле "VeldridLayerRenderer._offscreenTexture" никогда не используется. [C:\Users\User\source\repos\inTheFox\PrintMate.Terminal\PrintMate.Terminal\PrintMate.Terminal.csproj]
C:\Users\User\source\repos\inTheFox\PrintMate.Terminal\PrintMate.Terminal\ViewModels\ManualAxesControlViewModel.cs(45,21): warning CS0169: Поле "ManualAxesControlViewModel._preRecounterPosition" никогда не используется. [C:\Users\User\source\repos\inTheFox\PrintMate.Terminal\PrintMate.Terminal\PrintMate.Terminal.csproj]
C:\Users\User\source\repos\inTheFox\PrintMate.Terminal\PrintMate.Terminal\Views\Configure\ConfigureParametersViews\ConfigureParametersCamera.xaml.cs(39,36): warning CS0169: Поле "ConfigureParametersCamera._videoSource" никогда не используется. [C:\Users\User\source\repos\inTheFox\PrintMate.Terminal\PrintMate.Terminal\PrintMate.Terminal.csproj]
C:\Users\User\source\repos\inTheFox\PrintMate.Terminal\PrintMate.Terminal\Controls\VeldridLayerRenderer.cs(73,25): warning CS0169: Поле "VeldridLayerRenderer._depthTexture" никогда не используется. [C:\Users\User\source\repos\inTheFox\PrintMate.Terminal\PrintMate.Terminal\PrintMate.Terminal.csproj]
C:\Users\User\source\repos\inTheFox\PrintMate.Terminal\PrintMate.Terminal\ViewModels\IndicatorDecimalViewModel.cs(93,27): warning CS0169: Поле "IndicatorDecimalViewModel._commandId" никогда не используется. [C:\Users\User\source\repos\inTheFox\PrintMate.Terminal\PrintMate.Terminal\PrintMate.Terminal.csproj]
C:\Users\User\source\repos\inTheFox\PrintMate.Terminal\PrintMate.Terminal\ViewModels\Configure\ConfigureParametersViewModels\ConfigureParametersPlcViewModel.cs(41,21): warning CS0169: Поле "ConfigureParametersPlcViewModel._test" никогда не используется. [C:\Users\User\source\repos\inTheFox\PrintMate.Terminal\PrintMate.Terminal\PrintMate.Terminal.csproj]
C:\Users\User\source\repos\inTheFox\PrintMate.Terminal\PrintMate.Terminal\ViewModels\PrintPageViewModel.cs(308,39): warning CS0169: Поле "PrintPageViewModel._modalService" никогда не используется. [C:\Users\User\source\repos\inTheFox\PrintMate.Terminal\PrintMate.Terminal\PrintMate.Terminal.csproj]
C:\Users\User\source\repos\inTheFox\PrintMate.Terminal\PrintMate.Terminal\Parsers\CliParser\CliProvider.cs(33,37): warning CS0067: Событие "CliProvider.ParseError" никогда не используется. [C:\Users\User\source\repos\inTheFox\PrintMate.Terminal\PrintMate.Terminal\PrintMate.Terminal.csproj]
C:\Users\User\source\repos\inTheFox\PrintMate.Terminal\PrintMate.Terminal\ViewModels\ManualAxesControlViewModel.cs(48,51): warning CS0169: Поле "ManualAxesControlViewModel._logicControllerProvider" никогда не используется. [C:\Users\User\source\repos\inTheFox\PrintMate.Terminal\PrintMate.Terminal\PrintMate.Terminal.csproj]
C:\Users\User\source\repos\inTheFox\PrintMate.Terminal\PrintMate.Terminal\Views\Keyboard.xaml.cs(58,25): warning CS0169: Поле "Keyboard.activeTextBox" никогда не используется. [C:\Users\User\source\repos\inTheFox\PrintMate.Terminal\PrintMate.Terminal\PrintMate.Terminal.csproj]
C:\Users\User\source\repos\inTheFox\PrintMate.Terminal\PrintMate.Terminal\Controls\VeldridLayerRenderer.cs(71,29): warning CS0169: Поле "VeldridLayerRenderer._framebuffer" никогда не используется. [C:\Users\User\source\repos\inTheFox\PrintMate.Terminal\PrintMate.Terminal\PrintMate.Terminal.csproj]
C:\Users\User\source\repos\inTheFox\PrintMate.Terminal\PrintMate.Terminal\ViewModels\ProjectPreviewViewModel.cs(78,29): warning CS0067: Событие "ProjectPreviewViewModel.PathsUpdated" никогда не используется. [C:\Users\User\source\repos\inTheFox\PrintMate.Terminal\PrintMate.Terminal\PrintMate.Terminal.csproj]
C:\Users\User\source\repos\inTheFox\PrintMate.Terminal\PrintMate.Terminal\ViewModels\ModalsViewModels\AddRoleFormViewModel.cs(80,30): warning CS0169: Поле "AddRoleFormViewModel._closeCommand" никогда не используется. [C:\Users\User\source\repos\inTheFox\PrintMate.Terminal\PrintMate.Terminal\PrintMate.Terminal.csproj]
C:\Users\User\source\repos\inTheFox\PrintMate.Terminal\PrintMate.Terminal\Controls\DX11ViewportControl.xaml.cs(72,25): warning CS0169: Поле "DX11ViewportControl._platformShadowMesh" никогда не используется. [C:\Users\User\source\repos\inTheFox\PrintMate.Terminal\PrintMate.Terminal\PrintMate.Terminal.csproj]
C:\Users\User\source\repos\inTheFox\PrintMate.Terminal\PrintMate.Terminal\ViewModels\PagesViewModels\ProjectViewer3DViewModel.cs(42,22): warning CS0169: Поле "ProjectViewer3DViewModel._isSimulating" никогда не используется. [C:\Users\User\source\repos\inTheFox\PrintMate.Terminal\PrintMate.Terminal\PrintMate.Terminal.csproj]
C:\Users\User\source\repos\inTheFox\PrintMate.Terminal\PrintMate.Terminal\ViewModels\PrintPageViewModel.cs(41,22): warning CS0169: Поле "PrintPageViewModel._isSimulating" никогда не используется. [C:\Users\User\source\repos\inTheFox\PrintMate.Terminal\PrintMate.Terminal\PrintMate.Terminal.csproj]
C:\Users\User\source\repos\inTheFox\PrintMate.Terminal\PrintMate.Terminal\Views\Configure\ConfigureParametersViews\ConfigureParametersCamera.xaml.cs(38,38): warning CS0169: Поле "ConfigureParametersCamera._videoDevices" никогда не используется. [C:\Users\User\source\repos\inTheFox\PrintMate.Terminal\PrintMate.Terminal\PrintMate.Terminal.csproj]
C:\Users\User\source\repos\inTheFox\PrintMate.Terminal\PrintMate.Terminal\Views\ManualAxesControl.xaml.cs(35,21): warning CS0414: Полю "ManualAxesControl._currentRecouterPosition" присвоено значение, но оно ни разу не использовано. [C:\Users\User\source\repos\inTheFox\PrintMate.Terminal\PrintMate.Terminal\PrintMate.Terminal.csproj]
C:\Users\User\source\repos\inTheFox\PrintMate.Terminal\PrintMate.Terminal\Services\PrintService.cs(78,22): warning CS0414: Полю "PrintService._printLayerStart" присвоено значение, но оно ни разу не использовано. [C:\Users\User\source\repos\inTheFox\PrintMate.Terminal\PrintMate.Terminal\PrintMate.Terminal.csproj]
C:\Users\User\source\repos\inTheFox\PrintMate.Terminal\PrintMate.Terminal\Views\Configure\ConfigureParametersViews\ConfigureParametersCamera.xaml.cs(37,21): warning CS0414: Полю "ConfigureParametersCamera._selectedCameraIndex" присвоено значение, но оно ни разу не использовано. [C:\Users\User\source\repos\inTheFox\PrintMate.Terminal\PrintMate.Terminal\PrintMate.Terminal.csproj]
C:\Users\User\source\repos\inTheFox\PrintMate.Terminal\PrintMate.Terminal\Hans\UdmBuilderJavaPort.cs(39,24): warning CS0414: Полю "UdmBuilderJavaPort._lastZCoord" присвоено значение, но оно ни разу не использовано. [C:\Users\User\source\repos\inTheFox\PrintMate.Terminal\PrintMate.Terminal\PrintMate.Terminal.csproj]
C:\Users\User\source\repos\inTheFox\PrintMate.Terminal\PrintMate.Terminal\Hans\TestUdmBuilder.cs(21,32): warning CS0414: Полю "TestUdmBuilder._currentZOffset" присвоено значение, но оно ни разу не использовано. [C:\Users\User\source\repos\inTheFox\PrintMate.Terminal\PrintMate.Terminal\PrintMate.Terminal.csproj]
C:\Users\User\source\repos\inTheFox\PrintMate.Terminal\PrintMate.Terminal\Hans\UdmBuilder.cs(22,32): warning CS0414: Полю "UdmBuilder._currentZOffset" присвоено значение, но оно ни разу не использовано. [C:\Users\User\source\repos\inTheFox\PrintMate.Terminal\PrintMate.Terminal\PrintMate.Terminal.csproj]
C:\Users\User\source\repos\inTheFox\PrintMate.Terminal\PrintMate.Terminal\Services\PrintService.cs(77,22): warning CS0414: Полю "PrintService._isDosingStarted" присвоено значение, но оно ни разу не использовано. [C:\Users\User\source\repos\inTheFox\PrintMate.Terminal\PrintMate.Terminal\PrintMate.Terminal.csproj]
C:\Users\User\source\repos\inTheFox\PrintMate.Terminal\PrintMate.Terminal\Hans\UdmBuilderJavaPort.cs(38,21): warning CS0414: Полю "UdmBuilderJavaPort._currentLayerIndex" присвоено значение, но оно ни разу не использовано. [C:\Users\User\source\repos\inTheFox\PrintMate.Terminal\PrintMate.Terminal\PrintMate.Terminal.csproj]
C:\Users\User\source\repos\inTheFox\PrintMate.Terminal\PrintMate.Terminal\ViewModels\PagesViewModels\ProjectViewer3DViewModel.cs(151,22): warning CS0414: Полю "ProjectViewer3DViewModel._lastHighlightedPartId" присвоено значение, но оно ни разу не использовано. [C:\Users\User\source\repos\inTheFox\PrintMate.Terminal\PrintMate.Terminal\PrintMate.Terminal.csproj]
C:\Users\User\source\repos\inTheFox\PrintMate.Terminal\PrintMate.Terminal\ViewModels\PrintPageViewModel.cs(160,22): warning CS0414: Полю "PrintPageViewModel._lastHighlightedPartId" присвоено значение, но оно ни разу не использовано. [C:\Users\User\source\repos\inTheFox\PrintMate.Terminal\PrintMate.Terminal\PrintMate.Terminal.csproj]
C:\Users\User\source\repos\inTheFox\PrintMate.Terminal\PrintMate.Terminal\Views\Keyboard.xaml.cs(57,22): warning CS0414: Полю "Keyboard.isRussianLayout" присвоено значение, но оно ни разу не использовано. [C:\Users\User\source\repos\inTheFox\PrintMate.Terminal\PrintMate.Terminal\PrintMate.Terminal.csproj]
    Предупреждений: 213
    Ошибок: 0

Прошло времени 00:00:05.42
